Archive member included to satisfy reference by file (symbol)

/Applications/STM32CubeIDE.app/Contents/Eclipse/plugins/com.st.stm32cube.ide.mcu.externaltools.gnu-tools-for-stm32.11.3.rel1.macos64_1.1.0.202305231506/tools/bin/../lib/gcc/arm-none-eabi/11.3.1/../../../../arm-none-eabi/lib/thumb/v7-m/nofp/libc_nano.a(libc_a-exit.o)
                              /Applications/STM32CubeIDE.app/Contents/Eclipse/plugins/com.st.stm32cube.ide.mcu.externaltools.gnu-tools-for-stm32.11.3.rel1.macos64_1.1.0.202305231506/tools/bin/../lib/gcc/arm-none-eabi/11.3.1/../../../../arm-none-eabi/lib/thumb/v7-m/nofp/crt0.o (exit)
/Applications/STM32CubeIDE.app/Contents/Eclipse/plugins/com.st.stm32cube.ide.mcu.externaltools.gnu-tools-for-stm32.11.3.rel1.macos64_1.1.0.202305231506/tools/bin/../lib/gcc/arm-none-eabi/11.3.1/../../../../arm-none-eabi/lib/thumb/v7-m/nofp/libc_nano.a(libc_a-sprintf.o)
                              ./Core/Src/main.o (sprintf)
/Applications/STM32CubeIDE.app/Contents/Eclipse/plugins/com.st.stm32cube.ide.mcu.externaltools.gnu-tools-for-stm32.11.3.rel1.macos64_1.1.0.202305231506/tools/bin/../lib/gcc/arm-none-eabi/11.3.1/../../../../arm-none-eabi/lib/thumb/v7-m/nofp/libc_nano.a(libc_a-findfp.o)
                              /Applications/STM32CubeIDE.app/Contents/Eclipse/plugins/com.st.stm32cube.ide.mcu.externaltools.gnu-tools-for-stm32.11.3.rel1.macos64_1.1.0.202305231506/tools/bin/../lib/gcc/arm-none-eabi/11.3.1/../../../../arm-none-eabi/lib/thumb/v7-m/nofp/libc_nano.a(libc_a-exit.o) (__stdio_exit_handler)
/Applications/STM32CubeIDE.app/Contents/Eclipse/plugins/com.st.stm32cube.ide.mcu.externaltools.gnu-tools-for-stm32.11.3.rel1.macos64_1.1.0.202305231506/tools/bin/../lib/gcc/arm-none-eabi/11.3.1/../../../../arm-none-eabi/lib/thumb/v7-m/nofp/libc_nano.a(libc_a-fwalk.o)
                              /Applications/STM32CubeIDE.app/Contents/Eclipse/plugins/com.st.stm32cube.ide.mcu.externaltools.gnu-tools-for-stm32.11.3.rel1.macos64_1.1.0.202305231506/tools/bin/../lib/gcc/arm-none-eabi/11.3.1/../../../../arm-none-eabi/lib/thumb/v7-m/nofp/libc_nano.a(libc_a-findfp.o) (_fwalk_sglue)
/Applications/STM32CubeIDE.app/Contents/Eclipse/plugins/com.st.stm32cube.ide.mcu.externaltools.gnu-tools-for-stm32.11.3.rel1.macos64_1.1.0.202305231506/tools/bin/../lib/gcc/arm-none-eabi/11.3.1/../../../../arm-none-eabi/lib/thumb/v7-m/nofp/libc_nano.a(libc_a-memset.o)
                              /Applications/STM32CubeIDE.app/Contents/Eclipse/plugins/com.st.stm32cube.ide.mcu.externaltools.gnu-tools-for-stm32.11.3.rel1.macos64_1.1.0.202305231506/tools/bin/../lib/gcc/arm-none-eabi/11.3.1/../../../../arm-none-eabi/lib/thumb/v7-m/nofp/crt0.o (memset)
/Applications/STM32CubeIDE.app/Contents/Eclipse/plugins/com.st.stm32cube.ide.mcu.externaltools.gnu-tools-for-stm32.11.3.rel1.macos64_1.1.0.202305231506/tools/bin/../lib/gcc/arm-none-eabi/11.3.1/../../../../arm-none-eabi/lib/thumb/v7-m/nofp/libc_nano.a(libc_a-impure.o)
                              /Applications/STM32CubeIDE.app/Contents/Eclipse/plugins/com.st.stm32cube.ide.mcu.externaltools.gnu-tools-for-stm32.11.3.rel1.macos64_1.1.0.202305231506/tools/bin/../lib/gcc/arm-none-eabi/11.3.1/../../../../arm-none-eabi/lib/thumb/v7-m/nofp/libc_nano.a(libc_a-sprintf.o) (_impure_ptr)
/Applications/STM32CubeIDE.app/Contents/Eclipse/plugins/com.st.stm32cube.ide.mcu.externaltools.gnu-tools-for-stm32.11.3.rel1.macos64_1.1.0.202305231506/tools/bin/../lib/gcc/arm-none-eabi/11.3.1/../../../../arm-none-eabi/lib/thumb/v7-m/nofp/libc_nano.a(libc_a-errno.o)
                              ./Core/Src/syscalls.o (__errno)
/Applications/STM32CubeIDE.app/Contents/Eclipse/plugins/com.st.stm32cube.ide.mcu.externaltools.gnu-tools-for-stm32.11.3.rel1.macos64_1.1.0.202305231506/tools/bin/../lib/gcc/arm-none-eabi/11.3.1/../../../../arm-none-eabi/lib/thumb/v7-m/nofp/libc_nano.a(libc_a-init.o)
                              /Applications/STM32CubeIDE.app/Contents/Eclipse/plugins/com.st.stm32cube.ide.mcu.externaltools.gnu-tools-for-stm32.11.3.rel1.macos64_1.1.0.202305231506/tools/bin/../lib/gcc/arm-none-eabi/11.3.1/../../../../arm-none-eabi/lib/thumb/v7-m/nofp/crt0.o (__libc_init_array)
/Applications/STM32CubeIDE.app/Contents/Eclipse/plugins/com.st.stm32cube.ide.mcu.externaltools.gnu-tools-for-stm32.11.3.rel1.macos64_1.1.0.202305231506/tools/bin/../lib/gcc/arm-none-eabi/11.3.1/../../../../arm-none-eabi/lib/thumb/v7-m/nofp/libc_nano.a(libc_a-lock.o)
                              /Applications/STM32CubeIDE.app/Contents/Eclipse/plugins/com.st.stm32cube.ide.mcu.externaltools.gnu-tools-for-stm32.11.3.rel1.macos64_1.1.0.202305231506/tools/bin/../lib/gcc/arm-none-eabi/11.3.1/../../../../arm-none-eabi/lib/thumb/v7-m/nofp/libc_nano.a(libc_a-findfp.o) (__retarget_lock_init_recursive)
[...]
Memory Configuration

Name             Origin             Length             Attributes
RAM              0x0000000020000000 0x0000000000005000 xrw
FLASH            0x0000000008000000 0x0000000000010000 xr
*default*        0x0000000000000000 0xffffffffffffffff

Linker script and memory map

LOAD /Applications/STM32CubeIDE.app/Contents/Eclipse/plugins/com.st.stm32cube.ide.mcu.externaltools.gnu-tools-for-stm32.11.3.rel1.macos64_1.1.0.202305231506/tools/bin/../lib/gcc/arm-none-eabi/11.3.1/thumb/v7-m/nofp/crti.o
LOAD /Applications/STM32CubeIDE.app/Contents/Eclipse/plugins/com.st.stm32cube.ide.mcu.externaltools.gnu-tools-for-stm32.11.3.rel1.macos64_1.1.0.202305231506/tools/bin/../lib/gcc/arm-none-eabi/11.3.1/thumb/v7-m/nofp/crtbegin.o
LOAD /Applications/STM32CubeIDE.app/Contents/Eclipse/plugins/com.st.stm32cube.ide.mcu.externaltools.gnu-tools-for-stm32.11.3.rel1.macos64_1.1.0.202305231506/tools/bin/../lib/gcc/arm-none-eabi/11.3.1/../../../../arm-none-eabi/lib/thumb/v7-m/nofp/crt0.o
LOAD ./Core/Src/fatfs_sd.o
LOAD ./Core/Src/fonts.o
LOAD ./Core/Src/main.o
LOAD ./Core/Src/ssd1306_oled.o
LOAD ./Core/Src/stm32f1xx_hal_msp.o
LOAD ./Core/Src/stm32f1xx_it.o
LOAD ./Core/Src/syscalls.o
LOAD ./Core/Src/sysmem.o
LOAD ./Core/Src/system_stm32f1xx.o
LOAD ./Core/Startup/startup_stm32f103c8tx.o
LOAD ./Drivers/STM32F1xx_HAL_Driver/Src/stm32f1xx_hal.o
LOAD ./Drivers/STM32F1xx_HAL_Driver/Src/stm32f1xx_hal_adc.o
LOAD ./Drivers/STM32F1xx_HAL_Driver/Src/stm32f1xx_hal_adc_ex.o
LOAD ./Drivers/STM32F1xx_HAL_Driver/Src/stm32f1xx_hal_cortex.o
LOAD ./Drivers/STM32F1xx_HAL_Driver/Src/stm32f1xx_hal_dma.o
LOAD ./Drivers/STM32F1xx_HAL_Driver/Src/stm32f1xx_hal_exti.o
LOAD ./Drivers/STM32F1xx_HAL_Driver/Src/stm32f1xx_hal_flash.o
LOAD ./Drivers/STM32F1xx_HAL_Driver/Src/stm32f1xx_hal_flash_ex.o
LOAD ./Drivers/STM32F1xx_HAL_Driver/Src/stm32f1xx_hal_gpio.o
LOAD ./Drivers/STM32F1xx_HAL_Driver/Src/stm32f1xx_hal_gpio_ex.o
LOAD ./Drivers/STM32F1xx_HAL_Driver/Src/stm32f1xx_hal_i2c.o
LOAD ./Drivers/STM32F1xx_HAL_Driver/Src/stm32f1xx_hal_pwr.o
LOAD ./Drivers/STM32F1xx_HAL_Driver/Src/stm32f1xx_hal_rcc.o
LOAD ./Drivers/STM32F1xx_HAL_Driver/Src/stm32f1xx_hal_rcc_ex.o
LOAD ./Drivers/STM32F1xx_HAL_Driver/Src/stm32f1xx_hal_spi.o
LOAD ./Drivers/STM32F1xx_HAL_Driver/Src/stm32f1xx_hal_tim.o
LOAD ./Drivers/STM32F1xx_HAL_Driver/Src/stm32f1xx_hal_tim_ex.o
LOAD ./FATFS/App/fatfs.o
LOAD ./FATFS/Target/user_diskio.o
LOAD ./Middlewares/Third_Party/FatFs/src/diskio.o
LOAD ./Middlewares/Third_Party/FatFs/src/ff.o
LOAD ./Middlewares/Third_Party/FatFs/src/ff_gen_drv.o
LOAD ./Middlewares/Third_Party/FatFs/src/option/ccsbcs.o
LOAD ./Middlewares/Third_Party/FatFs/src/option/syscall.o
START GROUP
LOAD /Applications/STM32CubeIDE.app/Contents/Eclipse/plugins/com.st.stm32cube.ide.mcu.externaltools.gnu-tools-for-stm32.11.3.rel1.macos64_1.1.0.202305231506/tools/bin/../lib/gcc/arm-none-eabi/11.3.1/../../../../arm-none-eabi/lib/thumb/v7-m/nofp/libc_nano.a
LOAD /Applications/STM32CubeIDE.app/Contents/Eclipse/plugins/com.st.stm32cube.ide.mcu.externaltools.gnu-tools-for-stm32.11.3.rel1.macos64_1.1.0.202305231506/tools/bin/../lib/gcc/arm-none-eabi/11.3.1/../../../../arm-none-eabi/lib/thumb/v7-m/nofp/libm.a
END GROUP
START GROUP
LOAD /Applications/STM32CubeIDE.app/Contents/Eclipse/plugins/com.st.stm32cube.ide.mcu.externaltools.gnu-tools-for-stm32.11.3.rel1.macos64_1.1.0.202305231506/tools/bin/../lib/gcc/arm-none-eabi/11.3.1/thumb/v7-m/nofp/libgcc.a
LOAD /Applications/STM32CubeIDE.app/Contents/Eclipse/plugins/com.st.stm32cube.ide.mcu.externaltools.gnu-tools-for-stm32.11.3.rel1.macos64_1.1.0.202305231506/tools/bin/../lib/gcc/arm-none-eabi/11.3.1/../../../../arm-none-eabi/lib/thumb/v7-m/nofp/libc_nano.a
END GROUP
START GROUP
LOAD /Applications/STM32CubeIDE.app/Contents/Eclipse/plugins/com.st.stm32cube.ide.mcu.externaltools.gnu-tools-for-stm32.11.3.rel1.macos64_1.1.0.202305231506/tools/bin/../lib/gcc/arm-none-eabi/11.3.1/thumb/v7-m/nofp/libgcc.a
LOAD /Applications/STM32CubeIDE.app/Contents/Eclipse/plugins/com.st.stm32cube.ide.mcu.externaltools.gnu-tools-for-stm32.11.3.rel1.macos64_1.1.0.202305231506/tools/bin/../lib/gcc/arm-none-eabi/11.3.1/../../../../arm-none-eabi/lib/thumb/v7-m/nofp/libc_nano.a
LOAD /Applications/STM32CubeIDE.app/Contents/Eclipse/plugins/com.st.stm32cube.ide.mcu.externaltools.gnu-tools-for-stm32.11.3.rel1.macos64_1.1.0.202305231506/tools/bin/../lib/gcc/arm-none-eabi/11.3.1/../../../../arm-none-eabi/lib/thumb/v7-m/nofp/libnosys.a
END GROUP
START GROUP
LOAD /Applications/STM32CubeIDE.app/Contents/Eclipse/plugins/com.st.stm32cube.ide.mcu.externaltools.gnu-tools-for-stm32.11.3.rel1.macos64_1.1.0.202305231506/tools/bin/../lib/gcc/arm-none-eabi/11.3.1/thumb/v7-m/nofp/libgcc.a
LOAD /Applications/STM32CubeIDE.app/Contents/Eclipse/plugins/com.st.stm32cube.ide.mcu.externaltools.gnu-tools-for-stm32.11.3.rel1.macos64_1.1.0.202305231506/tools/bin/../lib/gcc/arm-none-eabi/11.3.1/../../../../arm-none-eabi/lib/thumb/v7-m/nofp/libc_nano.a
LOAD /Applications/STM32CubeIDE.app/Contents/Eclipse/plugins/com.st.stm32cube.ide.mcu.externaltools.gnu-tools-for-stm32.11.3.rel1.macos64_1.1.0.202305231506/tools/bin/../lib/gcc/arm-none-eabi/11.3.1/../../../../arm-none-eabi/lib/thumb/v7-m/nofp/libnosys.a
END GROUP
LOAD /Applications/STM32CubeIDE.app/Contents/Eclipse/plugins/com.st.stm32cube.ide.mcu.externaltools.gnu-tools-for-stm32.11.3.rel1.macos64_1.1.0.202305231506/tools/bin/../lib/gcc/arm-none-eabi/11.3.1/thumb/v7-m/nofp/crtend.o
LOAD /Applications/STM32CubeIDE.app/Contents/Eclipse/plugins/com.st.stm32cube.ide.mcu.externaltools.gnu-tools-for-stm32.11.3.rel1.macos64_1.1.0.202305231506/tools/bin/../lib/gcc/arm-none-eabi/11.3.1/thumb/v7-m/nofp/crtn.o
                0x0000000020005000                _estack = (ORIGIN (RAM) + LENGTH (RAM))
                0x0000000000000200                _Min_Heap_Size = 0x200
                0x0000000000000400                _Min_Stack_Size = 0x400

.isr_vector     0x0000000008000000      0x10c
                0x0000000008000000                . = ALIGN (0x4)
 *(.isr_vector)
 .isr_vector    0x0000000008000000      0x10c ./Core/Startup/startup_stm32f103c8tx.o
                0x0000000008000000                g_pfnVectors
                0x000000000800010c                . = ALIGN (0x4)

.text           0x000000000800010c     0xa074
                0x000000000800010c                . = ALIGN (0x4)
 *(.text)
 .text          0x000000000800010c       0x40 /Applications/STM32CubeIDE.app/Contents/Eclipse/plugins/com.st.stm32cube.ide.mcu.externaltools.gnu-tools-for-stm32.11.3.rel1.macos64_1.1.0.202305231506/tools/bin/../lib/gcc/arm-none-eabi/11.3.1/thumb/v7-m/nofp/crtbegin.o
 *(.text*)
 .text.SELECT   0x000000000800014c       0x1c ./Core/Src/fatfs_sd.o
 .text.DESELECT
                0x0000000008000168       0x1c ./Core/Src/fatfs_sd.o
 .text.SPI_TxByte
                0x0000000008000184       0x34 ./Core/Src/fatfs_sd.o
 .text.SPI_TxBuffer
                0x00000000080001b8       0x34 ./Core/Src/fatfs_sd.o
 .text.SPI_RxByte
                0x00000000080001ec       0x38 ./Core/Src/fatfs_sd.o
 .text.SPI_RxBytePtr
                0x0000000008000224       0x1c ./Core/Src/fatfs_sd.o
 .text.SD_ReadyWait
                0x0000000008000240       0x34 ./Core/Src/fatfs_sd.o
 .text.SD_PowerOn
                0x0000000008000274       0x84 ./Core/Src/fatfs_sd.o
 .text.SD_PowerOff
                0x00000000080002f8       0x18 ./Core/Src/fatfs_sd.o
 .text.SD_CheckPower
                0x0000000008000310       0x14 ./Core/Src/fatfs_sd.o
 .text.SD_RxDataBlock
                0x0000000008000324       0x5c ./Core/Src/fatfs_sd.o
 .text.SD_TxDataBlock
                0x0000000008000380       0x86 ./Core/Src/fatfs_sd.o
 .text.SD_SendCmd
                0x0000000008000406       0xa8 ./Core/Src/fatfs_sd.o
 *fill*         0x00000000080004ae        0x2 
 .text.SD_disk_initialize
                0x00000000080004b0      0x1cc ./Core/Src/fatfs_sd.o
                0x00000000080004b0                SD_disk_initialize
 .text.SD_disk_status
                0x000000000800067c       0x28 ./Core/Src/fatfs_sd.o
                0x000000000800067c                SD_disk_status
 .text.SD_disk_read
                0x00000000080006a4       0xd4 ./Core/Src/fatfs_sd.o
                0x00000000080006a4                SD_disk_read
 .text.SD_disk_write
                0x0000000008000778      0x108 ./Core/Src/fatfs_sd.o
                0x0000000008000778                SD_disk_write
 .text.SD_disk_ioctl
                0x0000000008000880      0x258 ./Core/Src/fatfs_sd.o
                0x0000000008000880                SD_disk_ioctl
 .text.main     0x0000000008000ad8       0x7c ./Core/Src/main.o
                0x0000000008000ad8                main
 .text.SystemClock_Config
                0x0000000008000b54       0xb6 ./Core/Src/main.o
                0x0000000008000b54                SystemClock_Config
 *fill*         0x0000000008000c0a        0x2 
 .text.MX_ADC1_Init
                0x0000000008000c0c       0x7c ./Core/Src/main.o
 .text.MX_I2C1_Init
                0x0000000008000c88       0x5c ./Core/Src/main.o
 .text.MX_SPI1_Init
                0x0000000008000ce4       0x6c ./Core/Src/main.o
 .text.MX_TIM1_Init
                0x0000000008000d50      0x140 ./Core/Src/main.o
 .text.MX_TIM2_Init
                0x0000000008000e90       0x98 ./Core/Src/main.o
 .text.MX_TIM3_Init
                0x0000000008000f28       0x98 ./Core/Src/main.o
 .text.MX_GPIO_Init
                0x0000000008000fc0      0x11c ./Core/Src/main.o
 .text.HAL_GPIO_EXTI_Callback
                0x00000000080010dc       0xf4 ./Core/Src/main.o
                0x00000000080010dc                HAL_GPIO_EXTI_Callback
 .text.Show_Menu
                0x00000000080011d0       0x54 ./Core/Src/main.o
                0x00000000080011d0                Show_Menu
 .text.Run_App  0x0000000008001224      0x178 ./Core/Src/main.o
                0x0000000008001224                Run_App
 .text.Speaker  0x000000000800139c      0x100 ./Core/Src/main.o
                0x000000000800139c                Speaker
 .text.UserSave
                0x000000000800149c       0x68 ./Core/Src/main.o
                0x000000000800149c                UserSave
 .text.Final_Screen
                0x0000000008001504       0xc8 ./Core/Src/main.o
                0x0000000008001504                Final_Screen
 .text.SaveGameSD
                0x00000000080015cc       0xa8 ./Core/Src/main.o
                0x00000000080015cc                SaveGameSD
 .text.DeleteSD
                0x0000000008001674       0x8c ./Core/Src/main.o
                0x0000000008001674                DeleteSD
 .text.HAL_TIM_PeriodElapsedCallback
                0x0000000008001700       0x2c ./Core/Src/main.o
                0x0000000008001700                HAL_TIM_PeriodElapsedCallback
 .text.Error_Handler
                0x000000000800172c        0xa ./Core/Src/main.o
                0x000000000800172c                Error_Handler
 *fill*         0x0000000008001736        0x2 
 .text.SSD1306_Init
                0x0000000008001738      0x188 ./Core/Src/ssd1306_oled.o
                0x0000000008001738                SSD1306_Init
 .text.SSD1306_UpdateScreen
                0x00000000080018c0       0x5c ./Core/Src/ssd1306_oled.o
                0x00000000080018c0                SSD1306_UpdateScreen
 .text.SSD1306_Fill
                0x000000000800191c       0x30 ./Core/Src/ssd1306_oled.o
                0x000000000800191c                SSD1306_Fill
 .text.SSD1306_DrawPixel
                0x000000000800194c       0xbc ./Core/Src/ssd1306_oled.o
                0x000000000800194c                SSD1306_DrawPixel
 .text.SSD1306_GotoXY
                0x0000000008001a08       0x2c ./Core/Src/ssd1306_oled.o
                0x0000000008001a08                SSD1306_GotoXY
 .text.SSD1306_Putc
                0x0000000008001a34      0x100 ./Core/Src/ssd1306_oled.o
                0x0000000008001a34                SSD1306_Putc
 .text.SSD1306_Puts
                0x0000000008001b34       0x4a ./Core/Src/ssd1306_oled.o
                0x0000000008001b34                SSD1306_Puts
 .text.SSD1306_Clear
                0x0000000008001b7e       0x12 ./Core/Src/ssd1306_oled.o
                0x0000000008001b7e                SSD1306_Clear
 .text.SSD1306_I2C_Init
                0x0000000008001b90       0x28 ./Core/Src/ssd1306_oled.o
                0x0000000008001b90                SSD1306_I2C_Init
 .text.SSD1306_I2C_WriteMulti
                0x0000000008001bb8       0xcc ./Core/Src/ssd1306_oled.o
                0x0000000008001bb8                SSD1306_I2C_WriteMulti
 .text.SSD1306_I2C_Write
                0x0000000008001c84       0x3c ./Core/Src/ssd1306_oled.o
                0x0000000008001c84                SSD1306_I2C_Write
 .text.HAL_MspInit
                0x0000000008001cc0       0x64 ./Core/Src/stm32f1xx_hal_msp.o
                0x0000000008001cc0                HAL_MspInit
 .text.HAL_ADC_MspInit
                0x0000000008001d24       0x78 ./Core/Src/stm32f1xx_hal_msp.o
                0x0000000008001d24                HAL_ADC_MspInit
 .text.HAL_I2C_MspInit
                0x0000000008001d9c       0x7c ./Core/Src/stm32f1xx_hal_msp.o
                0x0000000008001d9c                HAL_I2C_MspInit
 .text.HAL_SPI_MspInit
                0x0000000008001e18       0x94 ./Core/Src/stm32f1xx_hal_msp.o
                0x0000000008001e18                HAL_SPI_MspInit
 .text.HAL_TIM_Base_MspInit
                0x0000000008001eac       0x98 ./Core/Src/stm32f1xx_hal_msp.o
                0x0000000008001eac                HAL_TIM_Base_MspInit
 .text.HAL_TIM_MspPostInit
                0x0000000008001f44       0x68 ./Core/Src/stm32f1xx_hal_msp.o
                0x0000000008001f44                HAL_TIM_MspPostInit
 .text.NMI_Handler
                0x0000000008001fac        0x6 ./Core/Src/stm32f1xx_it.o
                0x0000000008001fac                NMI_Handler
 .text.HardFault_Handler
                0x0000000008001fb2        0x6 ./Core/Src/stm32f1xx_it.o
                0x0000000008001fb2                HardFault_Handler
 .text.MemManage_Handler
                0x0000000008001fb8        0x6 ./Core/Src/stm32f1xx_it.o
                0x0000000008001fb8                MemManage_Handler
 .text.BusFault_Handler
                0x0000000008001fbe        0x6 ./Core/Src/stm32f1xx_it.o
                0x0000000008001fbe                BusFault_Handler
 .text.UsageFault_Handler
                0x0000000008001fc4        0x6 ./Core/Src/stm32f1xx_it.o
                0x0000000008001fc4                UsageFault_Handler
 .text.SVC_Handler
                0x0000000008001fca        0xc ./Core/Src/stm32f1xx_it.o
                0x0000000008001fca                SVC_Handler
 .text.DebugMon_Handler
                0x0000000008001fd6        0xc ./Core/Src/stm32f1xx_it.o
                0x0000000008001fd6                DebugMon_Handler
 .text.PendSV_Handler
                0x0000000008001fe2        0xc ./Core/Src/stm32f1xx_it.o
                0x0000000008001fe2                PendSV_Handler
 *fill*         0x0000000008001fee        0x2 
 .text.SysTick_Handler
                0x0000000008001ff0       0x3c ./Core/Src/stm32f1xx_it.o
                0x0000000008001ff0                SysTick_Handler
 .text.EXTI4_IRQHandler
                0x000000000800202c        0xe ./Core/Src/stm32f1xx_it.o
                0x000000000800202c                EXTI4_IRQHandler
 .text.EXTI9_5_IRQHandler
                0x000000000800203a       0x16 ./Core/Src/stm32f1xx_it.o
                0x000000000800203a                EXTI9_5_IRQHandler
 .text.TIM2_IRQHandler
                0x0000000008002050       0x14 ./Core/Src/stm32f1xx_it.o
                0x0000000008002050                TIM2_IRQHandler
 .text._sbrk    0x0000000008002064       0x6c ./Core/Src/sysmem.o
                0x0000000008002064                _sbrk
 .text.SystemInit
                0x00000000080020d0        0xc ./Core/Src/system_stm32f1xx.o
                0x00000000080020d0                SystemInit
 .text.Reset_Handler
                0x00000000080020dc       0x48 ./Core/Startup/startup_stm32f103c8tx.o
                0x00000000080020dc                Reset_Handler
 .text.Default_Handler
                0x0000000008002124        0x2 ./Core/Startup/startup_stm32f103c8tx.o
                0x0000000008002124                USBWakeUp_IRQHandler
                0x0000000008002124                EXTI2_IRQHandler
                0x0000000008002124                TIM1_CC_IRQHandler
                0x0000000008002124                PVD_IRQHandler
                0x0000000008002124                EXTI3_IRQHandler
                0x0000000008002124                EXTI0_IRQHandler
                0x0000000008002124                I2C2_EV_IRQHandler
                0x0000000008002124                ADC1_2_IRQHandler
                0x0000000008002124                SPI1_IRQHandler
                0x0000000008002124                TAMPER_IRQHandler
                0x0000000008002124                DMA1_Channel4_IRQHandler
                0x0000000008002124                USART3_IRQHandler
                0x0000000008002124                RTC_IRQHandler
                0x0000000008002124                DMA1_Channel7_IRQHandler
                0x0000000008002124                CAN1_RX1_IRQHandler
                0x0000000008002124                TIM4_IRQHandler
                0x0000000008002124                I2C1_EV_IRQHandler
                0x0000000008002124                DMA1_Channel6_IRQHandler
                0x0000000008002124                TIM3_IRQHandler
                0x0000000008002124                RCC_IRQHandler
                0x0000000008002124                TIM1_TRG_COM_IRQHandler
                0x0000000008002124                DMA1_Channel1_IRQHandler
                0x0000000008002124                Default_Handler
                0x0000000008002124                EXTI15_10_IRQHandler
                0x0000000008002124                SPI2_IRQHandler
                0x0000000008002124                DMA1_Channel5_IRQHandler
                0x0000000008002124                USB_LP_CAN1_RX0_IRQHandler
                0x0000000008002124                USB_HP_CAN1_TX_IRQHandler
                0x0000000008002124                DMA1_Channel3_IRQHandler
                0x0000000008002124                TIM1_UP_IRQHandler
                0x0000000008002124                WWDG_IRQHandler
                0x0000000008002124                TIM1_BRK_IRQHandler
                0x0000000008002124                EXTI1_IRQHandler
                0x0000000008002124                USART2_IRQHandler
                0x0000000008002124                I2C2_ER_IRQHandler
                0x0000000008002124                DMA1_Channel2_IRQHandler
                0x0000000008002124                CAN1_SCE_IRQHandler
                0x0000000008002124                FLASH_IRQHandler
                0x0000000008002124                USART1_IRQHandler
                0x0000000008002124                I2C1_ER_IRQHandler
                0x0000000008002124                RTC_Alarm_IRQHandler
 *fill*         0x0000000008002126        0x2 
 .text.HAL_Init
                0x0000000008002128       0x2c ./Drivers/STM32F1xx_HAL_Driver/Src/stm32f1xx_hal.o
                0x0000000008002128                HAL_Init
 .text.HAL_InitTick
                0x0000000008002154       0x60 ./Drivers/STM32F1xx_HAL_Driver/Src/stm32f1xx_hal.o
                0x0000000008002154                HAL_InitTick
 .text.HAL_IncTick
                0x00000000080021b4       0x24 ./Drivers/STM32F1xx_HAL_Driver/Src/stm32f1xx_hal.o
                0x00000000080021b4                HAL_IncTick
 .text.HAL_GetTick
                0x00000000080021d8       0x14 ./Drivers/STM32F1xx_HAL_Driver/Src/stm32f1xx_hal.o
                0x00000000080021d8                HAL_GetTick
 .text.HAL_Delay
                0x00000000080021ec       0x48 ./Drivers/STM32F1xx_HAL_Driver/Src/stm32f1xx_hal.o
                0x00000000080021ec                HAL_Delay
 .text.HAL_ADC_Init
                0x0000000008002234      0x1b0 ./Drivers/STM32F1xx_HAL_Driver/Src/stm32f1xx_hal_adc.o
                0x0000000008002234                HAL_ADC_Init
 .text.HAL_ADC_ConfigChannel
                0x00000000080023e4      0x1f0 ./Drivers/STM32F1xx_HAL_Driver/Src/stm32f1xx_hal_adc.o
                0x00000000080023e4                HAL_ADC_ConfigChannel
 .text.ADC_ConversionStop_Disable
                0x00000000080025d4       0x82 ./Drivers/STM32F1xx_HAL_Driver/Src/stm32f1xx_hal_adc.o
                0x00000000080025d4                ADC_ConversionStop_Disable
 *fill*         0x0000000008002656        0x2 
 .text.__NVIC_SetPriorityGrouping
                0x0000000008002658       0x48 ./Drivers/STM32F1xx_HAL_Driver/Src/stm32f1xx_hal_cortex.o
 .text.__NVIC_GetPriorityGrouping
                0x00000000080026a0       0x1c ./Drivers/STM32F1xx_HAL_Driver/Src/stm32f1xx_hal_cortex.o
 .text.__NVIC_EnableIRQ
                0x00000000080026bc       0x38 ./Drivers/STM32F1xx_HAL_Driver/Src/stm32f1xx_hal_cortex.o
 .text.__NVIC_SetPriority
                0x00000000080026f4       0x54 ./Drivers/STM32F1xx_HAL_Driver/Src/stm32f1xx_hal_cortex.o
 .text.NVIC_EncodePriority
                0x0000000008002748       0x64 ./Drivers/STM32F1xx_HAL_Driver/Src/stm32f1xx_hal_cortex.o
 .text.SysTick_Config
                0x00000000080027ac       0x44 ./Drivers/STM32F1xx_HAL_Driver/Src/stm32f1xx_hal_cortex.o
 .text.HAL_NVIC_SetPriorityGrouping
                0x00000000080027f0       0x16 ./Drivers/STM32F1xx_HAL_Driver/Src/stm32f1xx_hal_cortex.o
                0x00000000080027f0                HAL_NVIC_SetPriorityGrouping
 .text.HAL_NVIC_SetPriority
                0x0000000008002806       0x38 ./Drivers/STM32F1xx_HAL_Driver/Src/stm32f1xx_hal_cortex.o
                0x0000000008002806                HAL_NVIC_SetPriority
 .text.HAL_NVIC_EnableIRQ
                0x000000000800283e       0x1c ./Drivers/STM32F1xx_HAL_Driver/Src/stm32f1xx_hal_cortex.o
                0x000000000800283e                HAL_NVIC_EnableIRQ
 .text.HAL_SYSTICK_Config
                0x000000000800285a       0x18 ./Drivers/STM32F1xx_HAL_Driver/Src/stm32f1xx_hal_cortex.o
                0x000000000800285a                HAL_SYSTICK_Config
 *fill*         0x0000000008002872        0x2 
 .text.HAL_GPIO_Init
                0x0000000008002874      0x308 ./Drivers/STM32F1xx_HAL_Driver/Src/stm32f1xx_hal_gpio.o
                0x0000000008002874                HAL_GPIO_Init
 .text.HAL_GPIO_WritePin
                0x0000000008002b7c       0x30 ./Drivers/STM32F1xx_HAL_Driver/Src/stm32f1xx_hal_gpio.o
                0x0000000008002b7c                HAL_GPIO_WritePin
 .text.HAL_GPIO_EXTI_IRQHandler
                0x0000000008002bac       0x30 ./Drivers/STM32F1xx_HAL_Driver/Src/stm32f1xx_hal_gpio.o
                0x0000000008002bac                HAL_GPIO_EXTI_IRQHandler
 .text.HAL_I2C_Init
                0x0000000008002bdc      0x288 ./Drivers/STM32F1xx_HAL_Driver/Src/stm32f1xx_hal_i2c.o
                0x0000000008002bdc                HAL_I2C_Init
 .text.HAL_I2C_Master_Transmit
                0x0000000008002e64      0x1fc ./Drivers/STM32F1xx_HAL_Driver/Src/stm32f1xx_hal_i2c.o
                0x0000000008002e64                HAL_I2C_Master_Transmit
 .text.HAL_I2C_IsDeviceReady
                0x0000000008003060      0x25c ./Drivers/STM32F1xx_HAL_Driver/Src/stm32f1xx_hal_i2c.o
                0x0000000008003060                HAL_I2C_IsDeviceReady
 .text.I2C_MasterRequestWrite
                0x00000000080032bc      0x104 ./Drivers/STM32F1xx_HAL_Driver/Src/stm32f1xx_hal_i2c.o
 .text.I2C_WaitOnFlagUntilTimeout
                0x00000000080033c0       0xf4 ./Drivers/STM32F1xx_HAL_Driver/Src/stm32f1xx_hal_i2c.o
 .text.I2C_WaitOnMasterAddressFlagUntilTimeout
                0x00000000080034b4      0x140 ./Drivers/STM32F1xx_HAL_Driver/Src/stm32f1xx_hal_i2c.o
 .text.I2C_WaitOnTXEFlagUntilTimeout
                0x00000000080035f4       0x90 ./Drivers/STM32F1xx_HAL_Driver/Src/stm32f1xx_hal_i2c.o
 .text.I2C_WaitOnBTFFlagUntilTimeout
                0x0000000008003684       0x90 ./Drivers/STM32F1xx_HAL_Driver/Src/stm32f1xx_hal_i2c.o
 .text.I2C_IsAcknowledgeFailed
                0x0000000008003714       0x5c ./Drivers/STM32F1xx_HAL_Driver/Src/stm32f1xx_hal_i2c.o
 .text.HAL_RCC_OscConfig
                0x0000000008003770      0x504 ./Drivers/STM32F1xx_HAL_Driver/Src/stm32f1xx_hal_rcc.o
                0x0000000008003770                HAL_RCC_OscConfig
 .text.HAL_RCC_ClockConfig
                0x0000000008003c74      0x1d4 ./Drivers/STM32F1xx_HAL_Driver/Src/stm32f1xx_hal_rcc.o
                0x0000000008003c74                HAL_RCC_ClockConfig
 .text.HAL_RCC_GetSysClockFreq
                0x0000000008003e48       0xa8 ./Drivers/STM32F1xx_HAL_Driver/Src/stm32f1xx_hal_rcc.o
                0x0000000008003e48                HAL_RCC_GetSysClockFreq
 .text.HAL_RCC_GetHCLKFreq
                0x0000000008003ef0       0x14 ./Drivers/STM32F1xx_HAL_Driver/Src/stm32f1xx_hal_rcc.o
                0x0000000008003ef0                HAL_RCC_GetHCLKFreq
 .text.HAL_RCC_GetPCLK1Freq
                0x0000000008003f04       0x28 ./Drivers/STM32F1xx_HAL_Driver/Src/stm32f1xx_hal_rcc.o
                0x0000000008003f04                HAL_RCC_GetPCLK1Freq
 .text.RCC_Delay
                0x0000000008003f2c       0x3c ./Drivers/STM32F1xx_HAL_Driver/Src/stm32f1xx_hal_rcc.o
 .text.HAL_RCCEx_PeriphCLKConfig
                0x0000000008003f68      0x16c ./Drivers/STM32F1xx_HAL_Driver/Src/stm32f1xx_hal_rcc_ex.o
                0x0000000008003f68                HAL_RCCEx_PeriphCLKConfig
 .text.HAL_SPI_Init
                0x00000000080040d4      0x108 ./Drivers/STM32F1xx_HAL_Driver/Src/stm32f1xx_hal_spi.o
                0x00000000080040d4                HAL_SPI_Init
 .text.HAL_SPI_Transmit
                0x00000000080041dc      0x286 ./Drivers/STM32F1xx_HAL_Driver/Src/stm32f1xx_hal_spi.o
                0x00000000080041dc                HAL_SPI_Transmit
 .text.HAL_SPI_TransmitReceive
                0x0000000008004462      0x360 ./Drivers/STM32F1xx_HAL_Driver/Src/stm32f1xx_hal_spi.o
                0x0000000008004462                HAL_SPI_TransmitReceive
 *fill*         0x00000000080047c2        0x2 
 .text.SPI_WaitFlagStateUntilTimeout
                0x00000000080047c4      0x110 ./Drivers/STM32F1xx_HAL_Driver/Src/stm32f1xx_hal_spi.o
 .text.SPI_EndRxTxTransaction
                0x00000000080048d4       0x3c ./Drivers/STM32F1xx_HAL_Driver/Src/stm32f1xx_hal_spi.o
 .text.HAL_TIM_Base_Init
                0x0000000008004910       0x9e ./Drivers/STM32F1xx_HAL_Driver/Src/stm32f1xx_hal_tim.o
                0x0000000008004910                HAL_TIM_Base_Init
 *fill*         0x00000000080049ae        0x2 
 .text.HAL_TIM_Base_Start_IT
                0x00000000080049b0       0xa4 ./Drivers/STM32F1xx_HAL_Driver/Src/stm32f1xx_hal_tim.o
                0x00000000080049b0                HAL_TIM_Base_Start_IT
 .text.HAL_TIM_Base_Stop_IT
                0x0000000008004a54       0x5c ./Drivers/STM32F1xx_HAL_Driver/Src/stm32f1xx_hal_tim.o
                0x0000000008004a54                HAL_TIM_Base_Stop_IT
 .text.HAL_TIM_PWM_Init
                0x0000000008004ab0       0x9e ./Drivers/STM32F1xx_HAL_Driver/Src/stm32f1xx_hal_tim.o
                0x0000000008004ab0                HAL_TIM_PWM_Init
 .text.HAL_TIM_PWM_MspInit
                0x0000000008004b4e       0x12 ./Drivers/STM32F1xx_HAL_Driver/Src/stm32f1xx_hal_tim.o
                0x0000000008004b4e                HAL_TIM_PWM_MspInit
 .text.HAL_TIM_PWM_Start
                0x0000000008004b60      0x144 ./Drivers/STM32F1xx_HAL_Driver/Src/stm32f1xx_hal_tim.o
                0x0000000008004b60                HAL_TIM_PWM_Start
 .text.HAL_TIM_IRQHandler
                0x0000000008004ca4      0x210 ./Drivers/STM32F1xx_HAL_Driver/Src/stm32f1xx_hal_tim.o
                0x0000000008004ca4                HAL_TIM_IRQHandler
 .text.HAL_TIM_PWM_ConfigChannel
                0x0000000008004eb4      0x184 ./Drivers/STM32F1xx_HAL_Driver/Src/stm32f1xx_hal_tim.o
                0x0000000008004eb4                HAL_TIM_PWM_ConfigChannel
 .text.HAL_TIM_ConfigClockSource
                0x0000000008005038      0x18e ./Drivers/STM32F1xx_HAL_Driver/Src/stm32f1xx_hal_tim.o
                0x0000000008005038                HAL_TIM_ConfigClockSource
 .text.HAL_TIM_OC_DelayElapsedCallback
                0x00000000080051c6       0x12 ./Drivers/STM32F1xx_HAL_Driver/Src/stm32f1xx_hal_tim.o
                0x00000000080051c6                HAL_TIM_OC_DelayElapsedCallback
 .text.HAL_TIM_IC_CaptureCallback
                0x00000000080051d8       0x12 ./Drivers/STM32F1xx_HAL_Driver/Src/stm32f1xx_hal_tim.o
                0x00000000080051d8                HAL_TIM_IC_CaptureCallback
 .text.HAL_TIM_PWM_PulseFinishedCallback
                0x00000000080051ea       0x12 ./Drivers/STM32F1xx_HAL_Driver/Src/stm32f1xx_hal_tim.o
                0x00000000080051ea                HAL_TIM_PWM_PulseFinishedCallback
 .text.HAL_TIM_TriggerCallback
                0x00000000080051fc       0x12 ./Drivers/STM32F1xx_HAL_Driver/Src/stm32f1xx_hal_tim.o
                0x00000000080051fc                HAL_TIM_TriggerCallback
 *fill*         0x000000000800520e        0x2 
 .text.TIM_Base_SetConfig
                0x0000000008005210       0xc4 ./Drivers/STM32F1xx_HAL_Driver/Src/stm32f1xx_hal_tim.o
                0x0000000008005210                TIM_Base_SetConfig
 .text.TIM_OC1_SetConfig
                0x00000000080052d4       0xcc ./Drivers/STM32F1xx_HAL_Driver/Src/stm32f1xx_hal_tim.o
 .text.TIM_OC2_SetConfig
                0x00000000080053a0       0xd4 ./Drivers/STM32F1xx_HAL_Driver/Src/stm32f1xx_hal_tim.o
                0x00000000080053a0                TIM_OC2_SetConfig
 .text.TIM_OC3_SetConfig
                0x0000000008005474       0xd4 ./Drivers/STM32F1xx_HAL_Driver/Src/stm32f1xx_hal_tim.o
 .text.TIM_OC4_SetConfig
                0x0000000008005548       0x9c ./Drivers/STM32F1xx_HAL_Driver/Src/stm32f1xx_hal_tim.o
 .text.TIM_TI1_ConfigInputStage
                0x00000000080055e4       0x5c ./Drivers/STM32F1xx_HAL_Driver/Src/stm32f1xx_hal_tim.o
 .text.TIM_TI2_ConfigInputStage
                0x0000000008005640       0x5e ./Drivers/STM32F1xx_HAL_Driver/Src/stm32f1xx_hal_tim.o
 .text.TIM_ITRx_SetConfig
                0x000000000800569e       0x34 ./Drivers/STM32F1xx_HAL_Driver/Src/stm32f1xx_hal_tim.o
 .text.TIM_ETR_SetConfig
                0x00000000080056d2       0x3e ./Drivers/STM32F1xx_HAL_Driver/Src/stm32f1xx_hal_tim.o
                0x00000000080056d2                TIM_ETR_SetConfig
 .text.TIM_CCxChannelCmd
                0x0000000008005710       0x48 ./Drivers/STM32F1xx_HAL_Driver/Src/stm32f1xx_hal_tim.o
                0x0000000008005710                TIM_CCxChannelCmd
 .text.HAL_TIMEx_MasterConfigSynchronization
                0x0000000008005758       0xbc ./Drivers/STM32F1xx_HAL_Driver/Src/stm32f1xx_hal_tim_ex.o
                0x0000000008005758                HAL_TIMEx_MasterConfigSynchronization
 .text.HAL_TIMEx_ConfigBreakDeadTime
                0x0000000008005814       0xa2 ./Drivers/STM32F1xx_HAL_Driver/Src/stm32f1xx_hal_tim_ex.o
                0x0000000008005814                HAL_TIMEx_ConfigBreakDeadTime
 .text.HAL_TIMEx_CommutCallback
                0x00000000080058b6       0x12 ./Drivers/STM32F1xx_HAL_Driver/Src/stm32f1xx_hal_tim_ex.o
                0x00000000080058b6                HAL_TIMEx_CommutCallback
 .text.HAL_TIMEx_BreakCallback
                0x00000000080058c8       0x12 ./Drivers/STM32F1xx_HAL_Driver/Src/stm32f1xx_hal_tim_ex.o
                0x00000000080058c8                HAL_TIMEx_BreakCallback
 *fill*         0x00000000080058da        0x2 
 .text.MX_FATFS_Init
                0x00000000080058dc       0x24 ./FATFS/App/fatfs.o
                0x00000000080058dc                MX_FATFS_Init
 .text.get_fattime
                0x0000000008005900        0xe ./FATFS/App/fatfs.o
                0x0000000008005900                get_fattime
 .text.USER_initialize
                0x000000000800590e       0x1e ./FATFS/Target/user_diskio.o
                0x000000000800590e                USER_initialize
 .text.USER_status
                0x000000000800592c       0x1e ./FATFS/Target/user_diskio.o
                0x000000000800592c                USER_status
 .text.USER_read
                0x000000000800594a       0x28 ./FATFS/Target/user_diskio.o
                0x000000000800594a                USER_read
 .text.USER_write
                0x0000000008005972       0x28 ./FATFS/Target/user_diskio.o
                0x0000000008005972                USER_write
 .text.USER_ioctl
                0x000000000800599a       0x28 ./FATFS/Target/user_diskio.o
                0x000000000800599a                USER_ioctl
 *fill*         0x00000000080059c2        0x2 
 .text.disk_status
                0x00000000080059c4       0x34 ./Middlewares/Third_Party/FatFs/src/diskio.o
                0x00000000080059c4                disk_status
 .text.disk_initialize
                0x00000000080059f8       0x4c ./Middlewares/Third_Party/FatFs/src/diskio.o
                0x00000000080059f8                disk_initialize
 .text.disk_read
                0x0000000008005a44       0x40 ./Middlewares/Third_Party/FatFs/src/diskio.o
                0x0000000008005a44                disk_read
 .text.disk_write
                0x0000000008005a84       0x40 ./Middlewares/Third_Party/FatFs/src/diskio.o
                0x0000000008005a84                disk_write
 .text.disk_ioctl
                0x0000000008005ac4       0x3c ./Middlewares/Third_Party/FatFs/src/diskio.o
                0x0000000008005ac4                disk_ioctl
 .text.mem_cpy  0x0000000008005b00       0x3c ./Middlewares/Third_Party/FatFs/src/ff.o
 .text.mem_set  0x0000000008005b3c       0x34 ./Middlewares/Third_Party/FatFs/src/ff.o
 .text.mem_cmp  0x0000000008005b70       0x4c ./Middlewares/Third_Party/FatFs/src/ff.o
 .text.chk_chr  0x0000000008005bbc       0x34 ./Middlewares/Third_Party/FatFs/src/ff.o
 .text.chk_lock
                0x0000000008005bf0       0xe0 ./Middlewares/Third_Party/FatFs/src/ff.o
 .text.enq_lock
                0x0000000008005cd0       0x48 ./Middlewares/Third_Party/FatFs/src/ff.o
 .text.inc_lock
                0x0000000008005d18      0x178 ./Middlewares/Third_Party/FatFs/src/ff.o
 .text.dec_lock
                0x0000000008005e90       0x88 ./Middlewares/Third_Party/FatFs/src/ff.o
 .text.clear_lock
                0x0000000008005f18       0x54 ./Middlewares/Third_Party/FatFs/src/ff.o
 .text.sync_window
                0x0000000008005f6c       0xa4 ./Middlewares/Third_Party/FatFs/src/ff.o
 .text.move_window
                0x0000000008006010       0x64 ./Middlewares/Third_Party/FatFs/src/ff.o
 .text.sync_fs  0x0000000008006074      0x17e ./Middlewares/Third_Party/FatFs/src/ff.o
 .text.clust2sect
                0x00000000080061f2       0x48 ./Middlewares/Third_Party/FatFs/src/ff.o
                0x00000000080061f2                clust2sect
 .text.get_fat  0x000000000800623a      0x1f8 ./Middlewares/Third_Party/FatFs/src/ff.o
                0x000000000800623a                get_fat
 .text.put_fat  0x0000000008006432      0x2a6 ./Middlewares/Third_Party/FatFs/src/ff.o
                0x0000000008006432                put_fat
 .text.remove_chain
                0x00000000080066d8       0xc2 ./Middlewares/Third_Party/FatFs/src/ff.o
 .text.create_chain
                0x000000000800679a      0x150 ./Middlewares/Third_Party/FatFs/src/ff.o
 .text.clmt_clust
                0x00000000080068ea       0x80 ./Middlewares/Third_Party/FatFs/src/ff.o
 .text.dir_sdi  0x000000000800696a      0x19c ./Middlewares/Third_Party/FatFs/src/ff.o
 .text.dir_next
                0x0000000008006b06      0x294 ./Middlewares/Third_Party/FatFs/src/ff.o
 .text.dir_alloc
                0x0000000008006d9a       0x9c ./Middlewares/Third_Party/FatFs/src/ff.o
 .text.ld_clust
                0x0000000008006e36       0x5c ./Middlewares/Third_Party/FatFs/src/ff.o
 .text.st_clust
                0x0000000008006e92       0x4c ./Middlewares/Third_Party/FatFs/src/ff.o
 *fill*         0x0000000008006ede        0x2 
 .text.cmp_lfn  0x0000000008006ee0       0xdc ./Middlewares/Third_Party/FatFs/src/ff.o
 .text.fit_lfn  0x0000000008006fbc       0xe8 ./Middlewares/Third_Party/FatFs/src/ff.o
 .text.gen_numname
                0x00000000080070a4      0x11c ./Middlewares/Third_Party/FatFs/src/ff.o
 .text.sum_sfn  0x00000000080071c0       0x40 ./Middlewares/Third_Party/FatFs/src/ff.o
 .text.dir_find
                0x0000000008007200      0x198 ./Middlewares/Third_Party/FatFs/src/ff.o
 .text.dir_register
                0x0000000008007398      0x248 ./Middlewares/Third_Party/FatFs/src/ff.o
 .text.create_name
                0x00000000080075e0      0x37c ./Middlewares/Third_Party/FatFs/src/ff.o
 .text.follow_path
                0x000000000800795c       0xec ./Middlewares/Third_Party/FatFs/src/ff.o
 .text.get_ldnumber
                0x0000000008007a48       0x86 ./Middlewares/Third_Party/FatFs/src/ff.o
 *fill*         0x0000000008007ace        0x2 
 .text.check_fs
                0x0000000008007ad0       0xdc ./Middlewares/Third_Party/FatFs/src/ff.o
 .text.find_volume
                0x0000000008007bac      0x664 ./Middlewares/Third_Party/FatFs/src/ff.o
 .text.validate
                0x0000000008008210       0x76 ./Middlewares/Third_Party/FatFs/src/ff.o
 *fill*         0x0000000008008286        0x2 
 .text.f_mount  0x0000000008008288       0x94 ./Middlewares/Third_Party/FatFs/src/ff.o
                0x0000000008008288                f_mount
 .text.f_open   0x000000000800831c      0x630 ./Middlewares/Third_Party/FatFs/src/ff.o
                0x000000000800831c                f_open
 .text.f_write  0x000000000800894c      0x472 ./Middlewares/Third_Party/FatFs/src/ff.o
                0x000000000800894c                f_write
 .text.f_sync   0x0000000008008dbe      0x19c ./Middlewares/Third_Party/FatFs/src/ff.o
                0x0000000008008dbe                f_sync
 .text.f_close  0x0000000008008f5a       0x56 ./Middlewares/Third_Party/FatFs/src/ff.o
                0x0000000008008f5a                f_close
 .text.f_lseek  0x0000000008008fb0      0x5e2 ./Middlewares/Third_Party/FatFs/src/ff.o
                0x0000000008008fb0                f_lseek
 .text.putc_bfd
                0x0000000008009592       0x7a ./Middlewares/Third_Party/FatFs/src/ff.o
 .text.f_puts   0x000000000800960c       0x72 ./Middlewares/Third_Party/FatFs/src/ff.o
                0x000000000800960c                f_puts
 *fill*         0x000000000800967e        0x2 
 .text.FATFS_LinkDriverEx
                0x0000000008009680       0x94 ./Middlewares/Third_Party/FatFs/src/ff_gen_drv.o
                0x0000000008009680                FATFS_LinkDriverEx
 .text.FATFS_LinkDriver
                0x0000000008009714       0x1e ./Middlewares/Third_Party/FatFs/src/ff_gen_drv.o
                0x0000000008009714                FATFS_LinkDriver
 *fill*         0x0000000008009732        0x2 
 .text.ff_convert
                0x0000000008009734       0x74 ./Middlewares/Third_Party/FatFs/src/option/ccsbcs.o
                0x0000000008009734                ff_convert
 .text.ff_wtoupper
                0x00000000080097a8       0x5c ./Middlewares/Third_Party/FatFs/src/option/ccsbcs.o
                0x00000000080097a8                ff_wtoupper
 .text.sprintf  0x0000000008009804       0x40 /Applications/STM32CubeIDE.app/Contents/Eclipse/plugins/com.st.stm32cube.ide.mcu.externaltools.gnu-tools-for-stm32.11.3.rel1.macos64_1.1.0.202305231506/tools/bin/../lib/gcc/arm-none-eabi/11.3.1/../../../../arm-none-eabi/lib/thumb/v7-m/nofp/libc_nano.a(libc_a-sprintf.o)
                0x0000000008009804                sprintf
                0x0000000008009804                siprintf
 .text.memset   0x0000000008009844       0x10 /Applications/STM32CubeIDE.app/Contents/Eclipse/plugins/com.st.stm32cube.ide.mcu.externaltools.gnu-tools-for-stm32.11.3.rel1.macos64_1.1.0.202305231506/tools/bin/../lib/gcc/arm-none-eabi/11.3.1/../../../../arm-none-eabi/lib/thumb/v7-m/nofp/libc_nano.a(libc_a-memset.o)
                0x0000000008009844                memset
 .text.__errno  0x0000000008009854        0xc /Applications/STM32CubeIDE.app/Contents/Eclipse/plugins/com.st.stm32cube.ide.mcu.externaltools.gnu-tools-for-stm32.11.3.rel1.macos64_1.1.0.202305231506/tools/bin/../lib/gcc/arm-none-eabi/11.3.1/../../../../arm-none-eabi/lib/thumb/v7-m/nofp/libc_nano.a(libc_a-errno.o)
                0x0000000008009854                __errno
 .text.__libc_init_array
                0x0000000008009860       0x48 /Applications/STM32CubeIDE.app/Contents/Eclipse/plugins/com.st.stm32cube.ide.mcu.externaltools.gnu-tools-for-stm32.11.3.rel1.macos64_1.1.0.202305231506/tools/bin/../lib/gcc/arm-none-eabi/11.3.1/../../../../arm-none-eabi/lib/thumb/v7-m/nofp/libc_nano.a(libc_a-init.o)
                0x0000000008009860                __libc_init_array
 .text.__retarget_lock_acquire_recursive
                0x00000000080098a8        0x2 /Applications/STM32CubeIDE.app/Contents/Eclipse/plugins/com.st.stm32cube.ide.mcu.externaltools.gnu-tools-for-stm32.11.3.rel1.macos64_1.1.0.202305231506/tools/bin/../lib/gcc/arm-none-eabi/11.3.1/../../../../arm-none-eabi/lib/thumb/v7-m/nofp/libc_nano.a(libc_a-lock.o)
                0x00000000080098a8                __retarget_lock_acquire_recursive
 .text.__retarget_lock_release_recursive
                0x00000000080098aa        0x2 /Applications/STM32CubeIDE.app/Contents/Eclipse/plugins/com.st.stm32cube.ide.mcu.externaltools.gnu-tools-for-stm32.11.3.rel1.macos64_1.1.0.202305231506/tools/bin/../lib/gcc/arm-none-eabi/11.3.1/../../../../arm-none-eabi/lib/thumb/v7-m/nofp/libc_nano.a(libc_a-lock.o)
                0x00000000080098aa                __retarget_lock_release_recursive
 .text.__ssputs_r
                0x00000000080098ac       0xb4 /Applications/STM32CubeIDE.app/Contents/Eclipse/plugins/com.st.stm32cube.ide.mcu.externaltools.gnu-tools-for-stm32.11.3.rel1.macos64_1.1.0.202305231506/tools/bin/../lib/gcc/arm-none-eabi/11.3.1/../../../../arm-none-eabi/lib/thumb/v7-m/nofp/libc_nano.a(libc_a-nano-svfprintf.o)
                0x00000000080098ac                __ssputs_r
 .text._svfprintf_r
                0x0000000008009960      0x1fc /Applications/STM32CubeIDE.app/Contents/Eclipse/plugins/com.st.stm32cube.ide.mcu.externaltools.gnu-tools-for-stm32.11.3.rel1.macos64_1.1.0.202305231506/tools/bin/../lib/gcc/arm-none-eabi/11.3.1/../../../../arm-none-eabi/lib/thumb/v7-m/nofp/libc_nano.a(libc_a-nano-svfprintf.o)
                0x0000000008009960                _svfprintf_r
                0x0000000008009960                _svfiprintf_r
 .text.sbrk_aligned
                0x0000000008009b5c       0x40 /Applications/STM32CubeIDE.app/Contents/Eclipse/plugins/com.st.stm32cube.ide.mcu.externaltools.gnu-tools-for-stm32.11.3.rel1.macos64_1.1.0.202305231506/tools/bin/../lib/gcc/arm-none-eabi/11.3.1/../../../../arm-none-eabi/lib/thumb/v7-m/nofp/libc_nano.a(libc_a-mallocr.o)
 .text._malloc_r
                0x0000000008009b9c      0x100 /Applications/STM32CubeIDE.app/Contents/Eclipse/plugins/com.st.stm32cube.ide.mcu.externaltools.gnu-tools-for-stm32.11.3.rel1.macos64_1.1.0.202305231506/tools/bin/../lib/gcc/arm-none-eabi/11.3.1/../../../../arm-none-eabi/lib/thumb/v7-m/nofp/libc_nano.a(libc_a-mallocr.o)
                0x0000000008009b9c                _malloc_r
 .text._printf_common
                0x0000000008009c9c       0xe4 /Applications/STM32CubeIDE.app/Contents/Eclipse/plugins/com.st.stm32cube.ide.mcu.externaltools.gnu-tools-for-stm32.11.3.rel1.macos64_1.1.0.202305231506/tools/bin/../lib/gcc/arm-none-eabi/11.3.1/../../../../arm-none-eabi/lib/thumb/v7-m/nofp/libc_nano.a(libc_a-nano-vfprintf_i.o)
                0x0000000008009c9c                _printf_common
 .text._printf_i
                0x0000000008009d80      0x244 /Applications/STM32CubeIDE.app/Contents/Eclipse/plugins/com.st.stm32cube.ide.mcu.externaltools.gnu-tools-for-stm32.11.3.rel1.macos64_1.1.0.202305231506/tools/bin/../lib/gcc/arm-none-eabi/11.3.1/../../../../arm-none-eabi/lib/thumb/v7-m/nofp/libc_nano.a(libc_a-nano-vfprintf_i.o)
                0x0000000008009d80                _printf_i
 .text.__malloc_lock
                0x0000000008009fc4        0xc /Applications/STM32CubeIDE.app/Contents/Eclipse/plugins/com.st.stm32cube.ide.mcu.externaltools.gnu-tools-for-stm32.11.3.rel1.macos64_1.1.0.202305231506/tools/bin/../lib/gcc/arm-none-eabi/11.3.1/../../../../arm-none-eabi/lib/thumb/v7-m/nofp/libc_nano.a(libc_a-mlock.o)
                0x0000000008009fc4                __malloc_lock
 .text.__malloc_unlock
                0x0000000008009fd0        0xc /Applications/STM32CubeIDE.app/Contents/Eclipse/plugins/com.st.stm32cube.ide.mcu.externaltools.gnu-tools-for-stm32.11.3.rel1.macos64_1.1.0.202305231506/tools/bin/../lib/gcc/arm-none-eabi/11.3.1/../../../../arm-none-eabi/lib/thumb/v7-m/nofp/libc_nano.a(libc_a-mlock.o)
                0x0000000008009fd0                __malloc_unlock
 .text._realloc_r
                0x0000000008009fdc       0x5e /Applications/STM32CubeIDE.app/Contents/Eclipse/plugins/com.st.stm32cube.ide.mcu.externaltools.gnu-tools-for-stm32.11.3.rel1.macos64_1.1.0.202305231506/tools/bin/../lib/gcc/arm-none-eabi/11.3.1/../../../../arm-none-eabi/lib/thumb/v7-m/nofp/libc_nano.a(libc_a-reallocr.o)
                0x0000000008009fdc                _realloc_r
 .text.memmove  0x000000000800a03a       0x34 /Applications/STM32CubeIDE.app/Contents/Eclipse/plugins/com.st.stm32cube.ide.mcu.externaltools.gnu-tools-for-stm32.11.3.rel1.macos64_1.1.0.202305231506/tools/bin/../lib/gcc/arm-none-eabi/11.3.1/../../../../arm-none-eabi/lib/thumb/v7-m/nofp/libc_nano.a(libc_a-memmove.o)
                0x000000000800a03a                memmove
 *fill*         0x000000000800a06e        0x2 
 .text._sbrk_r  0x000000000800a070       0x20 /Applications/STM32CubeIDE.app/Contents/Eclipse/plugins/com.st.stm32cube.ide.mcu.externaltools.gnu-tools-for-stm32.11.3.rel1.macos64_1.1.0.202305231506/tools/bin/../lib/gcc/arm-none-eabi/11.3.1/../../../../arm-none-eabi/lib/thumb/v7-m/nofp/libc_nano.a(libc_a-sbrkr.o)
                0x000000000800a070                _sbrk_r
 .text.memchr   0x000000000800a090       0x1c /Applications/STM32CubeIDE.app/Contents/Eclipse/plugins/com.st.stm32cube.ide.mcu.externaltools.gnu-tools-for-stm32.11.3.rel1.macos64_1.1.0.202305231506/tools/bin/../lib/gcc/arm-none-eabi/11.3.1/../../../../arm-none-eabi/lib/thumb/v7-m/nofp/libc_nano.a(libc_a-memchr-stub.o)
                0x000000000800a090                memchr
 .text.memcpy   0x000000000800a0ac       0x1c /Applications/STM32CubeIDE.app/Contents/Eclipse/plugins/com.st.stm32cube.ide.mcu.externaltools.gnu-tools-for-stm32.11.3.rel1.macos64_1.1.0.202305231506/tools/bin/../lib/gcc/arm-none-eabi/11.3.1/../../../../arm-none-eabi/lib/thumb/v7-m/nofp/libc_nano.a(libc_a-memcpy-stub.o)
                0x000000000800a0ac                memcpy
 .text._free_r  0x000000000800a0c8       0x90 /Applications/STM32CubeIDE.app/Contents/Eclipse/plugins/com.st.stm32cube.ide.mcu.externaltools.gnu-tools-for-stm32.11.3.rel1.macos64_1.1.0.202305231506/tools/bin/../lib/gcc/arm-none-eabi/11.3.1/../../../../arm-none-eabi/lib/thumb/v7-m/nofp/libc_nano.a(libc_a-freer.o)
                0x000000000800a0c8                _free_r
 .text._malloc_usable_size_r
                0x000000000800a158       0x10 /Applications/STM32CubeIDE.app/Contents/Eclipse/plugins/com.st.stm32cube.ide.mcu.externaltools.gnu-tools-for-stm32.11.3.rel1.macos64_1.1.0.202305231506/tools/bin/../lib/gcc/arm-none-eabi/11.3.1/../../../../arm-none-eabi/lib/thumb/v7-m/nofp/libc_nano.a(libc_a-msizer.o)
                0x000000000800a158                _malloc_usable_size_r
 *(.glue_7)
 .glue_7        0x000000000800a168        0x0 linker stubs
 *(.glue_7t)
 .glue_7t       0x000000000800a168        0x0 linker stubs
 *(.eh_frame)
 .eh_frame      0x000000000800a168        0x0 /Applications/STM32CubeIDE.app/Contents/Eclipse/plugins/com.st.stm32cube.ide.mcu.externaltools.gnu-tools-for-stm32.11.3.rel1.macos64_1.1.0.202305231506/tools/bin/../lib/gcc/arm-none-eabi/11.3.1/thumb/v7-m/nofp/crtbegin.o
 *(.init)
 .init          0x000000000800a168        0x4 /Applications/STM32CubeIDE.app/Contents/Eclipse/plugins/com.st.stm32cube.ide.mcu.externaltools.gnu-tools-for-stm32.11.3.rel1.macos64_1.1.0.202305231506/tools/bin/../lib/gcc/arm-none-eabi/11.3.1/thumb/v7-m/nofp/crti.o
                0x000000000800a168                _init
 .init          0x000000000800a16c        0x8 /Applications/STM32CubeIDE.app/Contents/Eclipse/plugins/com.st.stm32cube.ide.mcu.externaltools.gnu-tools-for-stm32.11.3.rel1.macos64_1.1.0.202305231506/tools/bin/../lib/gcc/arm-none-eabi/11.3.1/thumb/v7-m/nofp/crtn.o
 *(.fini)
 .fini          0x000000000800a174        0x4 /Applications/STM32CubeIDE.app/Contents/Eclipse/plugins/com.st.stm32cube.ide.mcu.externaltools.gnu-tools-for-stm32.11.3.rel1.macos64_1.1.0.202305231506/tools/bin/../lib/gcc/arm-none-eabi/11.3.1/thumb/v7-m/nofp/crti.o
                0x000000000800a174                _fini
 .fini          0x000000000800a178        0x8 /Applications/STM32CubeIDE.app/Contents/Eclipse/plugins/com.st.stm32cube.ide.mcu.externaltools.gnu-tools-for-stm32.11.3.rel1.macos64_1.1.0.202305231506/tools/bin/../lib/gcc/arm-none-eabi/11.3.1/thumb/v7-m/nofp/crtn.o
                0x000000000800a180                . = ALIGN (0x4)
                0x000000000800a180                _etext = .

.vfp11_veneer   0x000000000800a180        0x0
 .vfp11_veneer  0x000000000800a180        0x0 linker stubs

.v4_bx          0x000000000800a180        0x0
 .v4_bx         0x000000000800a180        0x0 linker stubs

.iplt           0x000000000800a180        0x0
 .iplt          0x000000000800a180        0x0 /Applications/STM32CubeIDE.app/Contents/Eclipse/plugins/com.st.stm32cube.ide.mcu.externaltools.gnu-tools-for-stm32.11.3.rel1.macos64_1.1.0.202305231506/tools/bin/../lib/gcc/arm-none-eabi/11.3.1/thumb/v7-m/nofp/crtbegin.o

.rodata         0x000000000800a180     0x2eec
                0x000000000800a180                . = ALIGN (0x4)
 *(.rodata)
 .rodata        0x000000000800a180       0xdf ./Core/Src/main.o
 *fill*         0x000000000800a25f        0x1 
 .rodata        0x000000000800a260       0x48 ./Middlewares/Third_Party/FatFs/src/ff.o
 *(.rodata*)
 .rodata.Font7x10
                0x000000000800a2a8      0x76c ./Core/Src/fonts.o
                0x000000000800a2a8                Font7x10
 .rodata.Font11x18
                0x000000000800aa14      0xd5c ./Core/Src/fonts.o
                0x000000000800aa14                Font11x18
 .rodata.Font16x26
                0x000000000800b770     0x134c ./Core/Src/fonts.o
                0x000000000800b770                Font16x26
 .rodata.AHBPrescTable
                0x000000000800cabc       0x10 ./Core/Src/system_stm32f1xx.o
                0x000000000800cabc                AHBPrescTable
 .rodata.APBPrescTable
                0x000000000800cacc        0x8 ./Core/Src/system_stm32f1xx.o
                0x000000000800cacc                APBPrescTable
 .rodata.aPLLMULFactorTable.1
                0x000000000800cad4       0x10 ./Drivers/STM32F1xx_HAL_Driver/Src/stm32f1xx_hal_rcc.o
 .rodata.aPredivFactorTable.0
                0x000000000800cae4        0x2 ./Drivers/STM32F1xx_HAL_Driver/Src/stm32f1xx_hal_rcc.o
 *fill*         0x000000000800cae6        0x2 
 .rodata.ExCvt  0x000000000800cae8       0x80 ./Middlewares/Third_Party/FatFs/src/ff.o
 .rodata.LfnOfs
                0x000000000800cb68        0xd ./Middlewares/Third_Party/FatFs/src/ff.o
 *fill*         0x000000000800cb75        0x3 
 .rodata.Tbl    0x000000000800cb78      0x100 ./Middlewares/Third_Party/FatFs/src/option/ccsbcs.o
 .rodata.tbl_lower.1
                0x000000000800cc78      0x1e0 ./Middlewares/Third_Party/FatFs/src/option/ccsbcs.o
 .rodata.tbl_upper.0
                0x000000000800ce58      0x1e0 ./Middlewares/Third_Party/FatFs/src/option/ccsbcs.o
 .rodata._svfprintf_r.str1.1
                0x000000000800d038       0x11 /Applications/STM32CubeIDE.app/Contents/Eclipse/plugins/com.st.stm32cube.ide.mcu.externaltools.gnu-tools-for-stm32.11.3.rel1.macos64_1.1.0.202305231506/tools/bin/../lib/gcc/arm-none-eabi/11.3.1/../../../../arm-none-eabi/lib/thumb/v7-m/nofp/libc_nano.a(libc_a-nano-svfprintf.o)
 .rodata._printf_i.str1.1
                0x000000000800d049       0x22 /Applications/STM32CubeIDE.app/Contents/Eclipse/plugins/com.st.stm32cube.ide.mcu.externaltools.gnu-tools-for-stm32.11.3.rel1.macos64_1.1.0.202305231506/tools/bin/../lib/gcc/arm-none-eabi/11.3.1/../../../../arm-none-eabi/lib/thumb/v7-m/nofp/libc_nano.a(libc_a-nano-vfprintf_i.o)
                0x000000000800d06c                . = ALIGN (0x4)
 *fill*         0x000000000800d06b        0x1 

.rel.dyn        0x000000000800d06c        0x0
 .rel.iplt      0x000000000800d06c        0x0 /Applications/STM32CubeIDE.app/Contents/Eclipse/plugins/com.st.stm32cube.ide.mcu.externaltools.gnu-tools-for-stm32.11.3.rel1.macos64_1.1.0.202305231506/tools/bin/../lib/gcc/arm-none-eabi/11.3.1/thumb/v7-m/nofp/crtbegin.o

.ARM.extab      0x000000000800d06c        0x0
                0x000000000800d06c                . = ALIGN (0x4)
 *(.ARM.extab* .gnu.linkonce.armextab.*)
                0x000000000800d06c                . = ALIGN (0x4)

.ARM            0x000000000800d06c        0x0
                0x000000000800d06c                . = ALIGN (0x4)
                0x000000000800d06c                __exidx_start = .
 *(.ARM.exidx*)
                0x000000000800d06c                __exidx_end = .
                0x000000000800d06c                . = ALIGN (0x4)

.preinit_array  0x000000000800d06c        0x0
                0x000000000800d06c                . = ALIGN (0x4)
                0x000000000800d06c                PROVIDE (__preinit_array_start = .)
 *(.preinit_array*)
                0x000000000800d06c                PROVIDE (__preinit_array_end = .)
                0x000000000800d06c                . = ALIGN (0x4)

.init_array     0x000000000800d06c        0x4
                0x000000000800d06c                . = ALIGN (0x4)
                0x000000000800d06c                PROVIDE (__init_array_start = .)
 *(SORT_BY_NAME(.init_array.*))
 *(.init_array*)
 .init_array    0x000000000800d06c        0x4 /Applications/STM32CubeIDE.app/Contents/Eclipse/plugins/com.st.stm32cube.ide.mcu.externaltools.gnu-tools-for-stm32.11.3.rel1.macos64_1.1.0.202305231506/tools/bin/../lib/gcc/arm-none-eabi/11.3.1/thumb/v7-m/nofp/crtbegin.o
                0x000000000800d070                PROVIDE (__init_array_end = .)
                0x000000000800d070                . = ALIGN (0x4)

.fini_array     0x000000000800d070        0x4
                0x000000000800d070                . = ALIGN (0x4)
                [!provide]                        PROVIDE (__fini_array_start = .)
 *(SORT_BY_NAME(.fini_array.*))
 *(.fini_array*)
 .fini_array    0x000000000800d070        0x4 /Applications/STM32CubeIDE.app/Contents/Eclipse/plugins/com.st.stm32cube.ide.mcu.externaltools.gnu-tools-for-stm32.11.3.rel1.macos64_1.1.0.202305231506/tools/bin/../lib/gcc/arm-none-eabi/11.3.1/thumb/v7-m/nofp/crtbegin.o
                [!provide]                        PROVIDE (__fini_array_end = .)
                0x000000000800d074                . = ALIGN (0x4)
                0x000000000800d074                _sidata = LOADADDR (.data)

.data           0x0000000020000000       0xa8 load address 0x000000000800d074
                0x0000000020000000                . = ALIGN (0x4)
                0x0000000020000000                _sdata = .
 *(.data)
 *(.data*)
 .data.Stat     0x0000000020000000        0x1 ./Core/Src/fatfs_sd.o
 *fill*         0x0000000020000001        0x3 
 .data.Font_7x10
                0x0000000020000004        0x8 ./Core/Src/fonts.o
                0x0000000020000004                Font_7x10
 .data.Font_11x18
                0x000000002000000c        0x8 ./Core/Src/fonts.o
                0x000000002000000c                Font_11x18
 .data.Font_16x26
                0x0000000020000014        0x8 ./Core/Src/fonts.o
                0x0000000020000014                Font_16x26
 .data.FirstTime
                0x000000002000001c        0x1 ./Core/Src/main.o
                0x000000002000001c                FirstTime
 *fill*         0x000000002000001d        0x1 
 .data.opcion   0x000000002000001e        0x2 ./Core/Src/main.o
                0x000000002000001e                opcion
 .data.buf_oled
                0x0000000020000020        0x5 ./Core/Src/main.o
                0x0000000020000020                buf_oled
 *fill*         0x0000000020000025        0x3 
 .data.buf_oled2
                0x0000000020000028        0x5 ./Core/Src/main.o
                0x0000000020000028                buf_oled2
 *fill*         0x000000002000002d        0x3 
 .data.buf_shoot
                0x0000000020000030        0x5 ./Core/Src/main.o
                0x0000000020000030                buf_shoot
 .data.user     0x0000000020000035        0x1 ./Core/Src/main.o
                0x0000000020000035                user
 .data.FirstTimeDelete
                0x0000000020000036        0x1 ./Core/Src/main.o
                0x0000000020000036                FirstTimeDelete
 *fill*         0x0000000020000037        0x1 
 .data.SystemCoreClock
                0x0000000020000038        0x4 ./Core/Src/system_stm32f1xx.o
                0x0000000020000038                SystemCoreClock
 .data.uwTickPrio
                0x000000002000003c        0x4 ./Drivers/STM32F1xx_HAL_Driver/Src/stm32f1xx_hal.o
                0x000000002000003c                uwTickPrio
 .data.uwTickFreq
                0x0000000020000040        0x1 ./Drivers/STM32F1xx_HAL_Driver/Src/stm32f1xx_hal.o
                0x0000000020000040                uwTickFreq
 *fill*         0x0000000020000041        0x3 
 .data.USER_Driver
                0x0000000020000044       0x14 ./FATFS/Target/user_diskio.o
                0x0000000020000044                USER_Driver
 .data._impure_data
                0x0000000020000058       0x4c /Applications/STM32CubeIDE.app/Contents/Eclipse/plugins/com.st.stm32cube.ide.mcu.externaltools.gnu-tools-for-stm32.11.3.rel1.macos64_1.1.0.202305231506/tools/bin/../lib/gcc/arm-none-eabi/11.3.1/../../../../arm-none-eabi/lib/thumb/v7-m/nofp/libc_nano.a(libc_a-impure.o)
                0x0000000020000058                _impure_data
 .data._impure_ptr
                0x00000000200000a4        0x4 /Applications/STM32CubeIDE.app/Contents/Eclipse/plugins/com.st.stm32cube.ide.mcu.externaltools.gnu-tools-for-stm32.11.3.rel1.macos64_1.1.0.202305231506/tools/bin/../lib/gcc/arm-none-eabi/11.3.1/../../../../arm-none-eabi/lib/thumb/v7-m/nofp/libc_nano.a(libc_a-impure.o)
                0x00000000200000a4                _impure_ptr
 *(.RamFunc)
 *(.RamFunc*)
                0x00000000200000a8                . = ALIGN (0x4)
                0x00000000200000a8                _edata = .

.igot.plt       0x00000000200000a8        0x0 load address 0x000000000800d11c
 .igot.plt      0x00000000200000a8        0x0 /Applications/STM32CubeIDE.app/Contents/Eclipse/plugins/com.st.stm32cube.ide.mcu.externaltools.gnu-tools-for-stm32.11.3.rel1.macos64_1.1.0.202305231506/tools/bin/../lib/gcc/arm-none-eabi/11.3.1/thumb/v7-m/nofp/crtbegin.o
                0x00000000200000a8                . = ALIGN (0x4)

.bss            0x00000000200000a8     0x29cc load address 0x000000000800d11c
                0x00000000200000a8                _sbss = .
                0x00000000200000a8                __bss_start__ = _sbss
 *(.bss)
 .bss           0x00000000200000a8       0x1c /Applications/STM32CubeIDE.app/Contents/Eclipse/plugins/com.st.stm32cube.ide.mcu.externaltools.gnu-tools-for-stm32.11.3.rel1.macos64_1.1.0.202305231506/tools/bin/../lib/gcc/arm-none-eabi/11.3.1/thumb/v7-m/nofp/crtbegin.o
 *(.bss*)
 .bss.Timer1    0x00000000200000c4        0x2 ./Core/Src/fatfs_sd.o
                0x00000000200000c4                Timer1
 .bss.Timer2    0x00000000200000c6        0x2 ./Core/Src/fatfs_sd.o
                0x00000000200000c6                Timer2
 .bss.CardType  0x00000000200000c8        0x1 ./Core/Src/fatfs_sd.o
 .bss.PowerFlag
                0x00000000200000c9        0x1 ./Core/Src/fatfs_sd.o
 *fill*         0x00000000200000ca        0x2 
 .bss.hadc1     0x00000000200000cc       0x30 ./Core/Src/main.o
                0x00000000200000cc                hadc1
 .bss.hi2c1     0x00000000200000fc       0x54 ./Core/Src/main.o
                0x00000000200000fc                hi2c1
 .bss.hspi1     0x0000000020000150       0x58 ./Core/Src/main.o
                0x0000000020000150                hspi1
 .bss.htim1     0x00000000200001a8       0x48 ./Core/Src/main.o
                0x00000000200001a8                htim1
 .bss.htim2     0x00000000200001f0       0x48 ./Core/Src/main.o
                0x00000000200001f0                htim2
 .bss.htim3     0x0000000020000238       0x48 ./Core/Src/main.o
                0x0000000020000238                htim3
 .bss.fs        0x0000000020000280     0x1030 ./Core/Src/main.o
                0x0000000020000280                fs
 .bss.fil       0x00000000200012b0     0x102c ./Core/Src/main.o
                0x00000000200012b0                fil
 .bss.timerValue
                0x00000000200022dc        0x2 ./Core/Src/main.o
                0x00000000200022dc                timerValue
 .bss.timerSecond
                0x00000000200022de        0x2 ./Core/Src/main.o
                0x00000000200022de                timerSecond
 .bss.SavedTime
                0x00000000200022e0        0x2 ./Core/Src/main.o
                0x00000000200022e0                SavedTime
 .bss.shoot     0x00000000200022e2        0x2 ./Core/Src/main.o
                0x00000000200022e2                shoot
 .bss.timeshoot
                0x00000000200022e4        0x2 ./Core/Src/main.o
                0x00000000200022e4                timeshoot
 .bss.SD        0x00000000200022e6        0x1 ./Core/Src/main.o
                0x00000000200022e6                SD
 *fill*         0x00000000200022e7        0x1 
 .bss.SSD1306_Buffer
                0x00000000200022e8      0x400 ./Core/Src/ssd1306_oled.o
 .bss.SSD1306   0x00000000200026e8        0x6 ./Core/Src/ssd1306_oled.o
 *fill*         0x00000000200026ee        0x2 
 .bss.__sbrk_heap_end
                0x00000000200026f0        0x4 ./Core/Src/sysmem.o
 .bss.uwTick    0x00000000200026f4        0x4 ./Drivers/STM32F1xx_HAL_Driver/Src/stm32f1xx_hal.o
                0x00000000200026f4                uwTick
 .bss.retUSER   0x00000000200026f8        0x1 ./FATFS/App/fatfs.o
                0x00000000200026f8                retUSER
 *fill*         0x00000000200026f9        0x3 
 .bss.USERPath  0x00000000200026fc        0x4 ./FATFS/App/fatfs.o
                0x00000000200026fc                USERPath
 .bss.FatFs     0x0000000020002700        0x4 ./Middlewares/Third_Party/FatFs/src/ff.o
 .bss.Fsid      0x0000000020002704        0x2 ./Middlewares/Third_Party/FatFs/src/ff.o
 *fill*         0x0000000020002706        0x2 
 .bss.Files     0x0000000020002708       0x18 ./Middlewares/Third_Party/FatFs/src/ff.o
 .bss.LfnBuf    0x0000000020002720      0x200 ./Middlewares/Third_Party/FatFs/src/ff.o
 .bss.disk      0x0000000020002920        0xc ./Middlewares/Third_Party/FatFs/src/ff_gen_drv.o
                0x0000000020002920                disk
 .bss.__sf      0x000000002000292c      0x138 /Applications/STM32CubeIDE.app/Contents/Eclipse/plugins/com.st.stm32cube.ide.mcu.externaltools.gnu-tools-for-stm32.11.3.rel1.macos64_1.1.0.202305231506/tools/bin/../lib/gcc/arm-none-eabi/11.3.1/../../../../arm-none-eabi/lib/thumb/v7-m/nofp/libc_nano.a(libc_a-findfp.o)
                0x000000002000292c                __sf
 .bss.__lock___malloc_recursive_mutex
                0x0000000020002a64        0x1 /Applications/STM32CubeIDE.app/Contents/Eclipse/plugins/com.st.stm32cube.ide.mcu.externaltools.gnu-tools-for-stm32.11.3.rel1.macos64_1.1.0.202305231506/tools/bin/../lib/gcc/arm-none-eabi/11.3.1/../../../../arm-none-eabi/lib/thumb/v7-m/nofp/libc_nano.a(libc_a-lock.o)
                0x0000000020002a64                __lock___malloc_recursive_mutex
 *fill*         0x0000000020002a65        0x3 
 .bss.__malloc_free_list
                0x0000000020002a68        0x4 /Applications/STM32CubeIDE.app/Contents/Eclipse/plugins/com.st.stm32cube.ide.mcu.externaltools.gnu-tools-for-stm32.11.3.rel1.macos64_1.1.0.202305231506/tools/bin/../lib/gcc/arm-none-eabi/11.3.1/../../../../arm-none-eabi/lib/thumb/v7-m/nofp/libc_nano.a(libc_a-mallocr.o)
                0x0000000020002a68                __malloc_free_list
 .bss.__malloc_sbrk_start
                0x0000000020002a6c        0x4 /Applications/STM32CubeIDE.app/Contents/Eclipse/plugins/com.st.stm32cube.ide.mcu.externaltools.gnu-tools-for-stm32.11.3.rel1.macos64_1.1.0.202305231506/tools/bin/../lib/gcc/arm-none-eabi/11.3.1/../../../../arm-none-eabi/lib/thumb/v7-m/nofp/libc_nano.a(libc_a-mallocr.o)
                0x0000000020002a6c                __malloc_sbrk_start
 .bss.errno     0x0000000020002a70        0x4 /Applications/STM32CubeIDE.app/Contents/Eclipse/plugins/com.st.stm32cube.ide.mcu.externaltools.gnu-tools-for-stm32.11.3.rel1.macos64_1.1.0.202305231506/tools/bin/../lib/gcc/arm-none-eabi/11.3.1/../../../../arm-none-eabi/lib/thumb/v7-m/nofp/libc_nano.a(libc_a-reent.o)
                0x0000000020002a70                errno
 *(COMMON)
                0x0000000020002a74                . = ALIGN (0x4)
                0x0000000020002a74                _ebss = .
                0x0000000020002a74                __bss_end__ = _ebss

._user_heap_stack
                0x0000000020002a74      0x604 load address 0x000000000800d11c
                0x0000000020002a78                . = ALIGN (0x8)
 *fill*         0x0000000020002a74        0x4 
                [!provide]                        PROVIDE (end = .)
                0x0000000020002a78                PROVIDE (_end = .)
                0x0000000020002c78                . = (. + _Min_Heap_Size)
 *fill*         0x0000000020002a78      0x200 
                0x0000000020003078                . = (. + _Min_Stack_Size)
 *fill*         0x0000000020002c78      0x400 
                0x0000000020003078                . = ALIGN (0x8)

/DISCARD/
 libc.a(*)
 libm.a(*)
 libgcc.a(*)

.ARM.attributes
                0x0000000000000000       0x29
 *(.ARM.attributes)
 .ARM.attributes
                0x0000000000000000       0x1d /Applications/STM32CubeIDE.app/Contents/Eclipse/plugins/com.st.stm32cube.ide.mcu.externaltools.gnu-tools-for-stm32.11.3.rel1.macos64_1.1.0.202305231506/tools/bin/../lib/gcc/arm-none-eabi/11.3.1/thumb/v7-m/nofp/crti.o
 .ARM.attributes
                0x000000000000001d       0x2d /Applications/STM32CubeIDE.app/Contents/Eclipse/plugins/com.st.stm32cube.ide.mcu.externaltools.gnu-tools-for-stm32.11.3.rel1.macos64_1.1.0.202305231506/tools/bin/../lib/gcc/arm-none-eabi/11.3.1/thumb/v7-m/nofp/crtbegin.o
 .ARM.attributes
                0x000000000000004a       0x2d ./Core/Src/fatfs_sd.o
 .ARM.attributes
                0x0000000000000077       0x2d ./Core/Src/fonts.o
 .ARM.attributes
                0x00000000000000a4       0x2d ./Core/Src/main.o
 .ARM.attributes
                0x00000000000000d1       0x2d ./Core/Src/ssd1306_oled.o
 .ARM.attributes
                0x00000000000000fe       0x2d ./Core/Src/stm32f1xx_hal_msp.o
 .ARM.attributes
                0x000000000000012b       0x2d ./Core/Src/stm32f1xx_it.o
 .ARM.attributes
                0x0000000000000158       0x2d ./Core/Src/sysmem.o
 .ARM.attributes
                0x0000000000000185       0x2d ./Core/Src/system_stm32f1xx.o
 .ARM.attributes
                0x00000000000001b2       0x21 ./Core/Startup/startup_stm32f103c8tx.o
 .ARM.attributes
                0x00000000000001d3       0x2d ./Drivers/STM32F1xx_HAL_Driver/Src/stm32f1xx_hal.o
 .ARM.attributes
                0x0000000000000200       0x2d ./Drivers/STM32F1xx_HAL_Driver/Src/stm32f1xx_hal_adc.o
 .ARM.attributes
                0x000000000000022d       0x2d ./Drivers/STM32F1xx_HAL_Driver/Src/stm32f1xx_hal_cortex.o
 .ARM.attributes
                0x000000000000025a       0x2d ./Drivers/STM32F1xx_HAL_Driver/Src/stm32f1xx_hal_gpio.o
 .ARM.attributes
                0x0000000000000287       0x2d ./Drivers/STM32F1xx_HAL_Driver/Src/stm32f1xx_hal_i2c.o
 .ARM.attributes
                0x00000000000002b4       0x2d ./Drivers/STM32F1xx_HAL_Driver/Src/stm32f1xx_hal_rcc.o
 .ARM.attributes
                0x00000000000002e1       0x2d ./Drivers/STM32F1xx_HAL_Driver/Src/stm32f1xx_hal_rcc_ex.o
 .ARM.attributes
                0x000000000000030e       0x2d ./Drivers/STM32F1xx_HAL_Driver/Src/stm32f1xx_hal_spi.o
 .ARM.attributes
                0x000000000000033b       0x2d ./Drivers/STM32F1xx_HAL_Driver/Src/stm32f1xx_hal_tim.o
 .ARM.attributes
                0x0000000000000368       0x2d ./Drivers/STM32F1xx_HAL_Driver/Src/stm32f1xx_hal_tim_ex.o
 .ARM.attributes
                0x0000000000000395       0x2d ./FATFS/App/fatfs.o
 .ARM.attributes
                0x00000000000003c2       0x2d ./FATFS/Target/user_diskio.o
 .ARM.attributes
                0x00000000000003ef       0x2d ./Middlewares/Third_Party/FatFs/src/diskio.o
 .ARM.attributes
                0x000000000000041c       0x2d ./Middlewares/Third_Party/FatFs/src/ff.o
 .ARM.attributes
                0x0000000000000449       0x2d ./Middlewares/Third_Party/FatFs/src/ff_gen_drv.o
 .ARM.attributes
                0x0000000000000476       0x2d ./Middlewares/Third_Party/FatFs/src/option/ccsbcs.o
 .ARM.attributes
                0x00000000000004a3       0x2d /Applications/STM32CubeIDE.app/Contents/Eclipse/plugins/com.st.stm32cube.ide.mcu.externaltools.gnu-tools-for-stm32.11.3.rel1.macos64_1.1.0.202305231506/tools/bin/../lib/gcc/arm-none-eabi/11.3.1/../../../../arm-none-eabi/lib/thumb/v7-m/nofp/libc_nano.a(libc_a-sprintf.o)
 .ARM.attributes
                0x00000000000004d0       0x2d /Applications/STM32CubeIDE.app/Contents/Eclipse/plugins/com.st.stm32cube.ide.mcu.externaltools.gnu-tools-for-stm32.11.3.rel1.macos64_1.1.0.202305231506/tools/bin/../lib/gcc/arm-none-eabi/11.3.1/../../../../arm-none-eabi/lib/thumb/v7-m/nofp/libc_nano.a(libc_a-findfp.o)
 .ARM.attributes
                0x00000000000004fd       0x2d /Applications/STM32CubeIDE.app/Contents/Eclipse/plugins/com.st.stm32cube.ide.mcu.externaltools.gnu-tools-for-stm32.11.3.rel1.macos64_1.1.0.202305231506/tools/bin/../lib/gcc/arm-none-eabi/11.3.1/../../../../arm-none-eabi/lib/thumb/v7-m/nofp/libc_nano.a(libc_a-memset.o)
 .ARM.attributes
                0x000000000000052a       0x2d /Applications/STM32CubeIDE.app/Contents/Eclipse/plugins/com.st.stm32cube.ide.mcu.externaltools.gnu-tools-for-stm32.11.3.rel1.macos64_1.1.0.202305231506/tools/bin/../lib/gcc/arm-none-eabi/11.3.1/../../../../arm-none-eabi/lib/thumb/v7-m/nofp/libc_nano.a(libc_a-impure.o)
 .ARM.attributes
                0x0000000000000557       0x2d /Applications/STM32CubeIDE.app/Contents/Eclipse/plugins/com.st.stm32cube.ide.mcu.externaltools.gnu-tools-for-stm32.11.3.rel1.macos64_1.1.0.202305231506/tools/bin/../lib/gcc/arm-none-eabi/11.3.1/../../../../arm-none-eabi/lib/thumb/v7-m/nofp/libc_nano.a(libc_a-errno.o)
 .ARM.attributes
                0x0000000000000584       0x2d /Applications/STM32CubeIDE.app/Contents/Eclipse/plugins/com.st.stm32cube.ide.mcu.externaltools.gnu-tools-for-stm32.11.3.rel1.macos64_1.1.0.202305231506/tools/bin/../lib/gcc/arm-none-eabi/11.3.1/../../../../arm-none-eabi/lib/thumb/v7-m/nofp/libc_nano.a(libc_a-init.o)
 .ARM.attributes
                0x00000000000005b1       0x2d /Applications/STM32CubeIDE.app/Contents/Eclipse/plugins/com.st.stm32cube.ide.mcu.externaltools.gnu-tools-for-stm32.11.3.rel1.macos64_1.1.0.202305231506/tools/bin/../lib/gcc/arm-none-eabi/11.3.1/../../../../arm-none-eabi/lib/thumb/v7-m/nofp/libc_nano.a(libc_a-lock.o)
 .ARM.attributes
                0x00000000000005de       0x2d /Applications/STM32CubeIDE.app/Contents/Eclipse/plugins/com.st.stm32cube.ide.mcu.externaltools.gnu-tools-for-stm32.11.3.rel1.macos64_1.1.0.202305231506/tools/bin/../lib/gcc/arm-none-eabi/11.3.1/../../../../arm-none-eabi/lib/thumb/v7-m/nofp/libc_nano.a(libc_a-nano-svfprintf.o)
 .ARM.attributes
                0x000000000000060b       0x2d /Applications/STM32CubeIDE.app/Contents/Eclipse/plugins/com.st.stm32cube.ide.mcu.externaltools.gnu-tools-for-stm32.11.3.rel1.macos64_1.1.0.202305231506/tools/bin/../lib/gcc/arm-none-eabi/11.3.1/../../../../arm-none-eabi/lib/thumb/v7-m/nofp/libc_nano.a(libc_a-mallocr.o)
 .ARM.attributes
                0x0000000000000638       0x2d /Applications/STM32CubeIDE.app/Contents/Eclipse/plugins/com.st.stm32cube.ide.mcu.externaltools.gnu-tools-for-stm32.11.3.rel1.macos64_1.1.0.202305231506/tools/bin/../lib/gcc/arm-none-eabi/11.3.1/../../../../arm-none-eabi/lib/thumb/v7-m/nofp/libc_nano.a(libc_a-nano-vfprintf_i.o)
 .ARM.attributes
                0x0000000000000665       0x2d /Applications/STM32CubeIDE.app/Contents/Eclipse/plugins/com.st.stm32cube.ide.mcu.externaltools.gnu-tools-for-stm32.11.3.rel1.macos64_1.1.0.202305231506/tools/bin/../lib/gcc/arm-none-eabi/11.3.1/../../../../arm-none-eabi/lib/thumb/v7-m/nofp/libc_nano.a(libc_a-mlock.o)
 .ARM.attributes
                0x0000000000000692       0x2d /Applications/STM32CubeIDE.app/Contents/Eclipse/plugins/com.st.stm32cube.ide.mcu.externaltools.gnu-tools-for-stm32.11.3.rel1.macos64_1.1.0.202305231506/tools/bin/../lib/gcc/arm-none-eabi/11.3.1/../../../../arm-none-eabi/lib/thumb/v7-m/nofp/libc_nano.a(libc_a-reallocr.o)
 .ARM.attributes
                0x00000000000006bf       0x2d /Applications/STM32CubeIDE.app/Contents/Eclipse/plugins/com.st.stm32cube.ide.mcu.externaltools.gnu-tools-for-stm32.11.3.rel1.macos64_1.1.0.202305231506/tools/bin/../lib/gcc/arm-none-eabi/11.3.1/../../../../arm-none-eabi/lib/thumb/v7-m/nofp/libc_nano.a(libc_a-memmove.o)
 .ARM.attributes
                0x00000000000006ec       0x2d /Applications/STM32CubeIDE.app/Contents/Eclipse/plugins/com.st.stm32cube.ide.mcu.externaltools.gnu-tools-for-stm32.11.3.rel1.macos64_1.1.0.202305231506/tools/bin/../lib/gcc/arm-none-eabi/11.3.1/../../../../arm-none-eabi/lib/thumb/v7-m/nofp/libc_nano.a(libc_a-reent.o)
 .ARM.attributes
                0x0000000000000719       0x2d /Applications/STM32CubeIDE.app/Contents/Eclipse/plugins/com.st.stm32cube.ide.mcu.externaltools.gnu-tools-for-stm32.11.3.rel1.macos64_1.1.0.202305231506/tools/bin/../lib/gcc/arm-none-eabi/11.3.1/../../../../arm-none-eabi/lib/thumb/v7-m/nofp/libc_nano.a(libc_a-sbrkr.o)
 .ARM.attributes
                0x0000000000000746       0x2d /Applications/STM32CubeIDE.app/Contents/Eclipse/plugins/com.st.stm32cube.ide.mcu.externaltools.gnu-tools-for-stm32.11.3.rel1.macos64_1.1.0.202305231506/tools/bin/../lib/gcc/arm-none-eabi/11.3.1/../../../../arm-none-eabi/lib/thumb/v7-m/nofp/libc_nano.a(libc_a-memchr-stub.o)
 .ARM.attributes
                0x0000000000000773       0x2d /Applications/STM32CubeIDE.app/Contents/Eclipse/plugins/com.st.stm32cube.ide.mcu.externaltools.gnu-tools-for-stm32.11.3.rel1.macos64_1.1.0.202305231506/tools/bin/../lib/gcc/arm-none-eabi/11.3.1/../../../../arm-none-eabi/lib/thumb/v7-m/nofp/libc_nano.a(libc_a-memcpy-stub.o)
 .ARM.attributes
                0x00000000000007a0       0x2d /Applications/STM32CubeIDE.app/Contents/Eclipse/plugins/com.st.stm32cube.ide.mcu.externaltools.gnu-tools-for-stm32.11.3.rel1.macos64_1.1.0.202305231506/tools/bin/../lib/gcc/arm-none-eabi/11.3.1/../../../../arm-none-eabi/lib/thumb/v7-m/nofp/libc_nano.a(libc_a-freer.o)
 .ARM.attributes
                0x00000000000007cd       0x2d /Applications/STM32CubeIDE.app/Contents/Eclipse/plugins/com.st.stm32cube.ide.mcu.externaltools.gnu-tools-for-stm32.11.3.rel1.macos64_1.1.0.202305231506/tools/bin/../lib/gcc/arm-none-eabi/11.3.1/../../../../arm-none-eabi/lib/thumb/v7-m/nofp/libc_nano.a(libc_a-msizer.o)
 .ARM.attributes
                0x00000000000007fa       0x1d /Applications/STM32CubeIDE.app/Contents/Eclipse/plugins/com.st.stm32cube.ide.mcu.externaltools.gnu-tools-for-stm32.11.3.rel1.macos64_1.1.0.202305231506/tools/bin/../lib/gcc/arm-none-eabi/11.3.1/thumb/v7-m/nofp/crtn.o
OUTPUT(ADC.elf elf32-littlearm)
LOAD linker stubs
LOAD /Applications/STM32CubeIDE.app/Contents/Eclipse/plugins/com.st.stm32cube.ide.mcu.externaltools.gnu-tools-for-stm32.11.3.rel1.macos64_1.1.0.202305231506/tools/bin/../lib/gcc/arm-none-eabi/11.3.1/../../../../arm-none-eabi/lib/thumb/v7-m/nofp/libc.a
LOAD /Applications/STM32CubeIDE.app/Contents/Eclipse/plugins/com.st.stm32cube.ide.mcu.externaltools.gnu-tools-for-stm32.11.3.rel1.macos64_1.1.0.202305231506/tools/bin/../lib/gcc/arm-none-eabi/11.3.1/../../../../arm-none-eabi/lib/thumb/v7-m/nofp/libm.a
LOAD /Applications/STM32CubeIDE.app/Contents/Eclipse/plugins/com.st.stm32cube.ide.mcu.externaltools.gnu-tools-for-stm32.11.3.rel1.macos64_1.1.0.202305231506/tools/bin/../lib/gcc/arm-none-eabi/11.3.1/thumb/v7-m/nofp/libgcc.a

.comment        0x0000000000000000       0x43
 .comment       0x0000000000000000       0x43 /Applications/STM32CubeIDE.app/Contents/Eclipse/plugins/com.st.stm32cube.ide.mcu.externaltools.gnu-tools-for-stm32.11.3.rel1.macos64_1.1.0.202305231506/tools/bin/../lib/gcc/arm-none-eabi/11.3.1/thumb/v7-m/nofp/crtbegin.o
                                         0x44 (size before relaxing)
 .comment       0x0000000000000043       0x44 ./Core/Src/fatfs_sd.o
 .comment       0x0000000000000043       0x44 ./Core/Src/fonts.o
 .comment       0x0000000000000043       0x44 ./Core/Src/main.o
 .comment       0x0000000000000043       0x44 ./Core/Src/ssd1306_oled.o
 .comment       0x0000000000000043       0x44 ./Core/Src/stm32f1xx_hal_msp.o
 .comment       0x0000000000000043       0x44 ./Core/Src/stm32f1xx_it.o
 .comment       0x0000000000000043       0x44 ./Core/Src/sysmem.o
 .comment       0x0000000000000043       0x44 ./Core/Src/system_stm32f1xx.o
 .comment       0x0000000000000043       0x44 ./Drivers/STM32F1xx_HAL_Driver/Src/stm32f1xx_hal.o
 .comment       0x0000000000000043       0x44 ./Drivers/STM32F1xx_HAL_Driver/Src/stm32f1xx_hal_adc.o
 .comment       0x0000000000000043       0x44 ./Drivers/STM32F1xx_HAL_Driver/Src/stm32f1xx_hal_cortex.o
 .comment       0x0000000000000043       0x44 ./Drivers/STM32F1xx_HAL_Driver/Src/stm32f1xx_hal_gpio.o
 .comment       0x0000000000000043       0x44 ./Drivers/STM32F1xx_HAL_Driver/Src/stm32f1xx_hal_i2c.o
 .comment       0x0000000000000043       0x44 ./Drivers/STM32F1xx_HAL_Driver/Src/stm32f1xx_hal_rcc.o
 .comment       0x0000000000000043       0x44 ./Drivers/STM32F1xx_HAL_Driver/Src/stm32f1xx_hal_rcc_ex.o
 .comment       0x0000000000000043       0x44 ./Drivers/STM32F1xx_HAL_Driver/Src/stm32f1xx_hal_spi.o
 .comment       0x0000000000000043       0x44 ./Drivers/STM32F1xx_HAL_Driver/Src/stm32f1xx_hal_tim.o
 .comment       0x0000000000000043       0x44 ./Drivers/STM32F1xx_HAL_Driver/Src/stm32f1xx_hal_tim_ex.o
 .comment       0x0000000000000043       0x44 ./FATFS/App/fatfs.o
 .comment       0x0000000000000043       0x44 ./FATFS/Target/user_diskio.o
 .comment       0x0000000000000043       0x44 ./Middlewares/Third_Party/FatFs/src/diskio.o
 .comment       0x0000000000000043       0x44 ./Middlewares/Third_Party/FatFs/src/ff.o
 .comment       0x0000000000000043       0x44 ./Middlewares/Third_Party/FatFs/src/ff_gen_drv.o
 .comment       0x0000000000000043       0x44 ./Middlewares/Third_Party/FatFs/src/option/ccsbcs.o

.debug_info     0x0000000000000000    0x138f8
 .debug_info    0x0000000000000000      0xbb2 ./Core/Src/fatfs_sd.o
 .debug_info    0x0000000000000bb2      0x255 ./Core/Src/fonts.o
 .debug_info    0x0000000000000e07     0x1f63 ./Core/Src/main.o
 .debug_info    0x0000000000002d6a     0x1007 ./Core/Src/ssd1306_oled.o
 .debug_info    0x0000000000003d71     0x13a1 ./Core/Src/stm32f1xx_hal_msp.o
 .debug_info    0x0000000000005112      0x700 ./Core/Src/stm32f1xx_it.o
 .debug_info    0x0000000000005812      0x168 ./Core/Src/sysmem.o
 .debug_info    0x000000000000597a      0x222 ./Core/Src/system_stm32f1xx.o
 .debug_info    0x0000000000005b9c       0x23 ./Core/Startup/startup_stm32f103c8tx.o
 .debug_info    0x0000000000005bbf      0x704 ./Drivers/STM32F1xx_HAL_Driver/Src/stm32f1xx_hal.o
 .debug_info    0x00000000000062c3      0xc50 ./Drivers/STM32F1xx_HAL_Driver/Src/stm32f1xx_hal_adc.o
 .debug_info    0x0000000000006f13      0xa87 ./Drivers/STM32F1xx_HAL_Driver/Src/stm32f1xx_hal_cortex.o
 .debug_info    0x000000000000799a      0x5ab ./Drivers/STM32F1xx_HAL_Driver/Src/stm32f1xx_hal_gpio.o
 .debug_info    0x0000000000007f45     0x2515 ./Drivers/STM32F1xx_HAL_Driver/Src/stm32f1xx_hal_i2c.o
 .debug_info    0x000000000000a45a      0x7d5 ./Drivers/STM32F1xx_HAL_Driver/Src/stm32f1xx_hal_rcc.o
 .debug_info    0x000000000000ac2f      0x3c0 ./Drivers/STM32F1xx_HAL_Driver/Src/stm32f1xx_hal_rcc_ex.o
 .debug_info    0x000000000000afef     0x1503 ./Drivers/STM32F1xx_HAL_Driver/Src/stm32f1xx_hal_spi.o
 .debug_info    0x000000000000c4f2     0x293b ./Drivers/STM32F1xx_HAL_Driver/Src/stm32f1xx_hal_tim.o
 .debug_info    0x000000000000ee2d     0x149b ./Drivers/STM32F1xx_HAL_Driver/Src/stm32f1xx_hal_tim_ex.o
 .debug_info    0x00000000000102c8      0x4dd ./FATFS/App/fatfs.o
 .debug_info    0x00000000000107a5      0x3af ./FATFS/Target/user_diskio.o
 .debug_info    0x0000000000010b54      0x3da ./Middlewares/Third_Party/FatFs/src/diskio.o
 .debug_info    0x0000000000010f2e     0x24dd ./Middlewares/Third_Party/FatFs/src/ff.o
 .debug_info    0x000000000001340b      0x37a ./Middlewares/Third_Party/FatFs/src/ff_gen_drv.o
 .debug_info    0x0000000000013785      0x173 ./Middlewares/Third_Party/FatFs/src/option/ccsbcs.o

.debug_abbrev   0x0000000000000000     0x3218
 .debug_abbrev  0x0000000000000000      0x302 ./Core/Src/fatfs_sd.o
 .debug_abbrev  0x0000000000000302      0x11c ./Core/Src/fonts.o
 .debug_abbrev  0x000000000000041e      0x439 ./Core/Src/main.o
 .debug_abbrev  0x0000000000000857      0x2d6 ./Core/Src/ssd1306_oled.o
 .debug_abbrev  0x0000000000000b2d      0x217 ./Core/Src/stm32f1xx_hal_msp.o
 .debug_abbrev  0x0000000000000d44      0x1a7 ./Core/Src/stm32f1xx_it.o
 .debug_abbrev  0x0000000000000eeb       0xbc ./Core/Src/sysmem.o
 .debug_abbrev  0x0000000000000fa7      0x13f ./Core/Src/system_stm32f1xx.o
 .debug_abbrev  0x00000000000010e6       0x12 ./Core/Startup/startup_stm32f103c8tx.o
 .debug_abbrev  0x00000000000010f8      0x201 ./Drivers/STM32F1xx_HAL_Driver/Src/stm32f1xx_hal.o
 .debug_abbrev  0x00000000000012f9      0x225 ./Drivers/STM32F1xx_HAL_Driver/Src/stm32f1xx_hal_adc.o
 .debug_abbrev  0x000000000000151e      0x2f8 ./Drivers/STM32F1xx_HAL_Driver/Src/stm32f1xx_hal_cortex.o
 .debug_abbrev  0x0000000000001816      0x1ca ./Drivers/STM32F1xx_HAL_Driver/Src/stm32f1xx_hal_gpio.o
 .debug_abbrev  0x00000000000019e0      0x2a3 ./Drivers/STM32F1xx_HAL_Driver/Src/stm32f1xx_hal_i2c.o
 .debug_abbrev  0x0000000000001c83      0x2b3 ./Drivers/STM32F1xx_HAL_Driver/Src/stm32f1xx_hal_rcc.o
 .debug_abbrev  0x0000000000001f36      0x188 ./Drivers/STM32F1xx_HAL_Driver/Src/stm32f1xx_hal_rcc_ex.o
 .debug_abbrev  0x00000000000020be      0x284 ./Drivers/STM32F1xx_HAL_Driver/Src/stm32f1xx_hal_spi.o
 .debug_abbrev  0x0000000000002342      0x277 ./Drivers/STM32F1xx_HAL_Driver/Src/stm32f1xx_hal_tim.o
 .debug_abbrev  0x00000000000025b9      0x282 ./Drivers/STM32F1xx_HAL_Driver/Src/stm32f1xx_hal_tim_ex.o
 .debug_abbrev  0x000000000000283b      0x1a8 ./FATFS/App/fatfs.o
 .debug_abbrev  0x00000000000029e3      0x15a ./FATFS/Target/user_diskio.o
 .debug_abbrev  0x0000000000002b3d      0x181 ./Middlewares/Third_Party/FatFs/src/diskio.o
 .debug_abbrev  0x0000000000002cbe      0x2e6 ./Middlewares/Third_Party/FatFs/src/ff.o
 .debug_abbrev  0x0000000000002fa4      0x19f ./Middlewares/Third_Party/FatFs/src/ff_gen_drv.o
 .debug_abbrev  0x0000000000003143       0xd5 ./Middlewares/Third_Party/FatFs/src/option/ccsbcs.o

.debug_aranges  0x0000000000000000     0x1480
 .debug_aranges
                0x0000000000000000       0xa8 ./Core/Src/fatfs_sd.o
 .debug_aranges
                0x00000000000000a8       0x20 ./Core/Src/fonts.o
 .debug_aranges
                0x00000000000000c8       0xb0 ./Core/Src/main.o
 .debug_aranges
                0x0000000000000178       0xf8 ./Core/Src/ssd1306_oled.o
 .debug_aranges
                0x0000000000000270       0x68 ./Core/Src/stm32f1xx_hal_msp.o
 .debug_aranges
                0x00000000000002d8       0x78 ./Core/Src/stm32f1xx_it.o
 .debug_aranges
                0x0000000000000350       0x20 ./Core/Src/sysmem.o
 .debug_aranges
                0x0000000000000370       0x28 ./Core/Src/system_stm32f1xx.o
 .debug_aranges
                0x0000000000000398       0x28 ./Core/Startup/startup_stm32f103c8tx.o
 .debug_aranges
                0x00000000000003c0       0xe0 ./Drivers/STM32F1xx_HAL_Driver/Src/stm32f1xx_hal.o
 .debug_aranges
                0x00000000000004a0       0xf0 ./Drivers/STM32F1xx_HAL_Driver/Src/stm32f1xx_hal_adc.o
 .debug_aranges
                0x0000000000000590      0x100 ./Drivers/STM32F1xx_HAL_Driver/Src/stm32f1xx_hal_cortex.o
 .debug_aranges
                0x0000000000000690       0x58 ./Drivers/STM32F1xx_HAL_Driver/Src/stm32f1xx_hal_gpio.o
 .debug_aranges
                0x00000000000006e8      0x2a8 ./Drivers/STM32F1xx_HAL_Driver/Src/stm32f1xx_hal_i2c.o
 .debug_aranges
                0x0000000000000990       0x90 ./Drivers/STM32F1xx_HAL_Driver/Src/stm32f1xx_hal_rcc.o
 .debug_aranges
                0x0000000000000a20       0x30 ./Drivers/STM32F1xx_HAL_Driver/Src/stm32f1xx_hal_rcc_ex.o
 .debug_aranges
                0x0000000000000a50      0x1d0 ./Drivers/STM32F1xx_HAL_Driver/Src/stm32f1xx_hal_spi.o
 .debug_aranges
                0x0000000000000c20      0x3d0 ./Drivers/STM32F1xx_HAL_Driver/Src/stm32f1xx_hal_tim.o
 .debug_aranges
                0x0000000000000ff0      0x168 ./Drivers/STM32F1xx_HAL_Driver/Src/stm32f1xx_hal_tim_ex.o
 .debug_aranges
                0x0000000000001158       0x28 ./FATFS/App/fatfs.o
 .debug_aranges
                0x0000000000001180       0x40 ./FATFS/Target/user_diskio.o
 .debug_aranges
                0x00000000000011c0       0x48 ./Middlewares/Third_Party/FatFs/src/diskio.o
 .debug_aranges
                0x0000000000001208      0x210 ./Middlewares/Third_Party/FatFs/src/ff.o
 .debug_aranges
                0x0000000000001418       0x40 ./Middlewares/Third_Party/FatFs/src/ff_gen_drv.o
 .debug_aranges
                0x0000000000001458       0x28 ./Middlewares/Third_Party/FatFs/src/option/ccsbcs.o

.debug_rnglists
                0x0000000000000000     0x1002
 .debug_rnglists
                0x0000000000000000       0x80 ./Core/Src/fatfs_sd.o
 .debug_rnglists
                0x0000000000000080       0x13 ./Core/Src/fonts.o
 .debug_rnglists
                0x0000000000000093       0x8a ./Core/Src/main.o
 .debug_rnglists
                0x000000000000011d       0xc2 ./Core/Src/ssd1306_oled.o
 .debug_rnglists
                0x00000000000001df       0x4b ./Core/Src/stm32f1xx_hal_msp.o
 .debug_rnglists
                0x000000000000022a       0x55 ./Core/Src/stm32f1xx_it.o
 .debug_rnglists
                0x000000000000027f       0x13 ./Core/Src/sysmem.o
 .debug_rnglists
                0x0000000000000292       0x1a ./Core/Src/system_stm32f1xx.o
 .debug_rnglists
                0x00000000000002ac       0x19 ./Core/Startup/startup_stm32f103c8tx.o
 .debug_rnglists
                0x00000000000002c5       0xa3 ./Drivers/STM32F1xx_HAL_Driver/Src/stm32f1xx_hal.o
 .debug_rnglists
                0x0000000000000368       0xbc ./Drivers/STM32F1xx_HAL_Driver/Src/stm32f1xx_hal_adc.o
 .debug_rnglists
                0x0000000000000424       0xbb ./Drivers/STM32F1xx_HAL_Driver/Src/stm32f1xx_hal_cortex.o
 .debug_rnglists
                0x00000000000004df       0x3f ./Drivers/STM32F1xx_HAL_Driver/Src/stm32f1xx_hal_gpio.o
 .debug_rnglists
                0x000000000000051e      0x23c ./Drivers/STM32F1xx_HAL_Driver/Src/stm32f1xx_hal_i2c.o
 .debug_rnglists
                0x000000000000075a       0x6c ./Drivers/STM32F1xx_HAL_Driver/Src/stm32f1xx_hal_rcc.o
 .debug_rnglists
                0x00000000000007c6       0x21 ./Drivers/STM32F1xx_HAL_Driver/Src/stm32f1xx_hal_rcc_ex.o
 .debug_rnglists
                0x00000000000007e7      0x16e ./Drivers/STM32F1xx_HAL_Driver/Src/stm32f1xx_hal_spi.o
 .debug_rnglists
                0x0000000000000955      0x31a ./Drivers/STM32F1xx_HAL_Driver/Src/stm32f1xx_hal_tim.o
 .debug_rnglists
                0x0000000000000c6f      0x125 ./Drivers/STM32F1xx_HAL_Driver/Src/stm32f1xx_hal_tim_ex.o
 .debug_rnglists
                0x0000000000000d94       0x19 ./FATFS/App/fatfs.o
 .debug_rnglists
                0x0000000000000dad       0x2b ./FATFS/Target/user_diskio.o
 .debug_rnglists
                0x0000000000000dd8       0x31 ./Middlewares/Third_Party/FatFs/src/diskio.o
 .debug_rnglists
                0x0000000000000e09      0x1b4 ./Middlewares/Third_Party/FatFs/src/ff.o
 .debug_rnglists
                0x0000000000000fbd       0x2c ./Middlewares/Third_Party/FatFs/src/ff_gen_drv.o
 .debug_rnglists
                0x0000000000000fe9       0x19 ./Middlewares/Third_Party/FatFs/src/option/ccsbcs.o

.debug_macro    0x0000000000000000    0x1a46b
 .debug_macro   0x0000000000000000      0x1f4 ./Core/Src/fatfs_sd.o
 .debug_macro   0x00000000000001f4      0xa9c ./Core/Src/fatfs_sd.o
 .debug_macro   0x0000000000000c90      0x227 ./Core/Src/fatfs_sd.o
 .debug_macro   0x0000000000000eb7       0x2e ./Core/Src/fatfs_sd.o
 .debug_macro   0x0000000000000ee5       0x22 ./Core/Src/fatfs_sd.o
 .debug_macro   0x0000000000000f07       0x22 ./Core/Src/fatfs_sd.o
 .debug_macro   0x0000000000000f29       0x8e ./Core/Src/fatfs_sd.o
 .debug_macro   0x0000000000000fb7       0x51 ./Core/Src/fatfs_sd.o
 .debug_macro   0x0000000000001008      0x103 ./Core/Src/fatfs_sd.o
 .debug_macro   0x000000000000110b       0x6a ./Core/Src/fatfs_sd.o
 .debug_macro   0x0000000000001175      0x1df ./Core/Src/fatfs_sd.o
 .debug_macro   0x0000000000001354       0x1c ./Core/Src/fatfs_sd.o
 .debug_macro   0x0000000000001370       0x22 ./Core/Src/fatfs_sd.o
 .debug_macro   0x0000000000001392       0xbd ./Core/Src/fatfs_sd.o
 .debug_macro   0x000000000000144f      0xd23 ./Core/Src/fatfs_sd.o
 .debug_macro   0x0000000000002172     0xe09e ./Core/Src/fatfs_sd.o
 .debug_macro   0x0000000000010210       0x6d ./Core/Src/fatfs_sd.o
 .debug_macro   0x000000000001027d     0x348d ./Core/Src/fatfs_sd.o
 .debug_macro   0x000000000001370a      0x174 ./Core/Src/fatfs_sd.o
 .debug_macro   0x000000000001387e       0x5c ./Core/Src/fatfs_sd.o
 .debug_macro   0x00000000000138da      0x5bc ./Core/Src/fatfs_sd.o
 .debug_macro   0x0000000000013e96      0x289 ./Core/Src/fatfs_sd.o
 .debug_macro   0x000000000001411f      0x1cb ./Core/Src/fatfs_sd.o
 .debug_macro   0x00000000000142ea      0x114 ./Core/Src/fatfs_sd.o
 .debug_macro   0x00000000000143fe      0x1b2 ./Core/Src/fatfs_sd.o
 .debug_macro   0x00000000000145b0       0x27 ./Core/Src/fatfs_sd.o
 .debug_macro   0x00000000000145d7      0x136 ./Core/Src/fatfs_sd.o
 .debug_macro   0x000000000001470d      0x1bc ./Core/Src/fatfs_sd.o
 .debug_macro   0x00000000000148c9       0x34 ./Core/Src/fatfs_sd.o
 .debug_macro   0x00000000000148fd       0x3c ./Core/Src/fatfs_sd.o
 .debug_macro   0x0000000000014939       0x57 ./Core/Src/fatfs_sd.o
 .debug_macro   0x0000000000014990      0x46a ./Core/Src/fatfs_sd.o
 .debug_macro   0x0000000000014dfa      0x1b5 ./Core/Src/fatfs_sd.o
 .debug_macro   0x0000000000014faf       0x87 ./Core/Src/fatfs_sd.o
 .debug_macro   0x0000000000015036      0x240 ./Core/Src/fatfs_sd.o
 .debug_macro   0x0000000000015276      0x287 ./Core/Src/fatfs_sd.o
 .debug_macro   0x00000000000154fd      0x140 ./Core/Src/fatfs_sd.o
 .debug_macro   0x000000000001563d      0x217 ./Core/Src/fatfs_sd.o
 .debug_macro   0x0000000000015854      0x8ed ./Core/Src/fatfs_sd.o
 .debug_macro   0x0000000000016141       0x83 ./Core/Src/fatfs_sd.o
 .debug_macro   0x00000000000161c4       0x16 ./Core/Src/fatfs_sd.o
 .debug_macro   0x00000000000161da       0x7c ./Core/Src/fatfs_sd.o
 .debug_macro   0x0000000000016256       0x9a ./Core/Src/fatfs_sd.o
 .debug_macro   0x00000000000162f0      0x2a3 ./Core/Src/fonts.o
 .debug_macro   0x0000000000016593       0x61 ./Core/Src/fonts.o
 .debug_macro   0x00000000000165f4       0x24 ./Core/Src/fonts.o
 .debug_macro   0x0000000000016618       0x43 ./Core/Src/fonts.o
 .debug_macro   0x000000000001665b       0x34 ./Core/Src/fonts.o
 .debug_macro   0x000000000001668f       0x16 ./Core/Src/fonts.o
 .debug_macro   0x00000000000166a5       0x43 ./Core/Src/fonts.o
 .debug_macro   0x00000000000166e8       0x34 ./Core/Src/fonts.o
 .debug_macro   0x000000000001671c       0x10 ./Core/Src/fonts.o
 .debug_macro   0x000000000001672c       0x58 ./Core/Src/fonts.o
 .debug_macro   0x0000000000016784       0x8e ./Core/Src/fonts.o
 .debug_macro   0x0000000000016812       0x1c ./Core/Src/fonts.o
 .debug_macro   0x000000000001682e      0x177 ./Core/Src/fonts.o
 .debug_macro   0x00000000000169a5      0x369 ./Core/Src/fonts.o
 .debug_macro   0x0000000000016d0e       0x10 ./Core/Src/fonts.o
 .debug_macro   0x0000000000016d1e       0x35 ./Core/Src/fonts.o
 .debug_macro   0x0000000000016d53       0x20 ./Core/Src/fonts.o
 .debug_macro   0x0000000000016d73      0x31a ./Core/Src/main.o
 .debug_macro   0x000000000001708d       0xde ./Core/Src/main.o
 .debug_macro   0x000000000001716b       0xf5 ./Core/Src/main.o
 .debug_macro   0x0000000000017260       0x8e ./Core/Src/main.o
 .debug_macro   0x00000000000172ee       0x52 ./Core/Src/main.o
 .debug_macro   0x0000000000017340       0x16 ./Core/Src/main.o
 .debug_macro   0x0000000000017356       0x10 ./Core/Src/main.o
 .debug_macro   0x0000000000017366       0x16 ./Core/Src/main.o
 .debug_macro   0x000000000001737c       0x16 ./Core/Src/main.o
 .debug_macro   0x0000000000017392      0x147 ./Core/Src/main.o
 .debug_macro   0x00000000000174d9       0x22 ./Core/Src/main.o
 .debug_macro   0x00000000000174fb      0x2f2 ./Core/Src/ssd1306_oled.o
 .debug_macro   0x00000000000177ed       0x16 ./Core/Src/ssd1306_oled.o
 .debug_macro   0x0000000000017803       0x16 ./Core/Src/ssd1306_oled.o
 .debug_macro   0x0000000000017819       0x29 ./Core/Src/ssd1306_oled.o
 .debug_macro   0x0000000000017842       0x16 ./Core/Src/ssd1306_oled.o
 .debug_macro   0x0000000000017858      0x1cb ./Core/Src/stm32f1xx_hal_msp.o
 .debug_macro   0x0000000000017a23      0x1d5 ./Core/Src/stm32f1xx_it.o
 .debug_macro   0x0000000000017bf8       0xff ./Core/Src/sysmem.o
 .debug_macro   0x0000000000017cf7      0x23c ./Core/Src/sysmem.o
 .debug_macro   0x0000000000017f33      0x1c1 ./Core/Src/system_stm32f1xx.o