../Core/Src/main.c:98:5:main	8	static
../Core/Src/main.c:182:6:SystemClock_Config	88	static
../Core/Src/main.c:229:13:MX_ADC1_Init	24	static
../Core/Src/main.c:276:13:MX_I2C1_Init	8	static
../Core/Src/main.c:310:13:MX_SPI1_Init	8	static
../Core/Src/main.c:348:13:MX_TIM1_Init	96	static
../Core/Src/main.c:423:13:MX_TIM2_Init	32	static
../Core/Src/main.c:468:13:MX_TIM3_Init	32	static
../Core/Src/main.c:513:13:MX_GPIO_Init	40	static
../Core/Src/main.c:564:6:HAL_GPIO_EXTI_Callback	16	static
../Core/Src/main.c:630:6:Show_Menu	8	static
../Core/Src/main.c:649:6:Run_App	8	static
../Core/Src/main.c:714:6:Speaker	8	static
../Core/Src/main.c:749:6:UserSave	8	static
../Core/Src/main.c:762:6:Final_Screen	8	static
../Core/Src/main.c:811:6:SaveGameSD	8	static
../Core/Src/main.c:840:6:DeleteSD	8	static
../Core/Src/main.c:871:6:HAL_TIM_PeriodElapsedCallback	16	static
../Core/Src/main.c:894:6:Error_Handler	4	static,ignoring_inline_asm
